Microchip MPLAB XC8 Compiler V2.50

Linker command line:

-W-3 \
  --edf=C:\Program Files\Microchip\xc8\v2.50\pic\dat\20240725155939_en.msgs \
  -pivt0x8=08h -cn -h+dist/default/debug\pic_mirf.X.debug.sym \
  --cmf=dist/default/debug\pic_mirf.X.debug.cmf -z -Q18F57Q43 \
  -oC:\Users\Admin\AppData\Local\Temp\xcAslr4.\driver_tmp_3.o \
  --defsym=__MPLAB_BUILD=1 --fixupoverflow=error \
  -Mdist/default/debug/pic_mirf.X.debug.map \
  --md=C:\Users\Admin\AppData\Local\Temp\xcAslr4.\driver_tmp_0.dat -E1 \
  -ver=XC8 Compiler --acfsm=1493 -ACODE=00h-01FFFFh -ACONST=00h-01FFFFh \
  -ASMALLCONST=02600h-026FFhx474 \
  -AMEDIUMCONST=02600h-0FFFFh,012600h-01FFFFh -ACOMRAM=0501h-055Fh \
  -AABS1=0500h-024FFh -ABIGRAM=0501h-024FFh \
  -ARAM=0560h-05FFh,0600h-06FFhx31 -ABANK5=0560h-05FFh -ABANK6=0600h-06FFh \
  -ABANK7=0700h-07FFh -ABANK8=0800h-08FFh -ABANK9=0900h-09FFh \
  -ABANK10=0A00h-0AFFh -ABANK11=0B00h-0BFFh -ABANK12=0C00h-0CFFh \
  -ABANK13=0D00h-0DFFh -ABANK14=0E00h-0EFFh -ABANK15=0F00h-0FFFh \
  -ABANK16=01000h-010FFh -ABANK17=01100h-011FFh -ABANK18=01200h-012FFh \
  -ABANK19=01300h-013FFh -ABANK20=01400h-014FFh -ABANK21=01500h-015FFh \
  -ABANK22=01600h-016FFh -ABANK23=01700h-017FFh -ABANK24=01800h-018FFh \
  -ABANK25=01900h-019FFh -ABANK26=01A00h-01AFFh -ABANK27=01B00h-01BFFh \
  -ABANK28=01C00h-01CFFh -ABANK29=01D00h-01DFFh -ABANK30=01E00h-01EFFh \
  -ABANK31=01F00h-01FFFh -ABANK32=02000h-020FFh -ABANK33=02100h-021FFh \
  -ABANK34=02200h-022FFh -ABANK35=02300h-023FFh -ABANK36=02400h-024FFh \
  -ASFR=00h-0FFhx4,0400h-045Fh,0460h-04FFh,02500h-025FFh \
  -ABIGSFR=00h-04FFh,02500h-025FFh -ACONFIG=0300000h-0300011h \
  -AIDLOC=0200000h-020003Fh -AEEDATA=0380000h-03803FFh -peeprom_data=EEDATA \
  -preset_vec=00h -ppowerup=CODE,init -pramtop=02600h \
  -psmallconst=SMALLCONST -pmediumconst=MEDIUMCONST -pconst=CONST \
  -AFARRAM=00h-00h \
  -prdata=COMRAM,nvrram=COMRAM,nvbit=COMRAM,rbss=COMRAM,rbit=COMRAM \
  -pfarbss=FARRAM,fardata=FARRAM,nvFARRAM=FARRAM \
  -pintsave_regs=BIGRAM,bigbss=BIGRAM,bigdata=BIGRAM -pbss=RAM \
  -pidata=CODE,irdata=CODE,ibigdata=CODE,ifardata=CODE -prparam=COMRAM \
  C:\Users\Admin\AppData\Local\Temp\xcAslr4.\driver_tmp_14.o \
  dist/default/debug\pic_mirf.X.debug.o 

Object code version is 3.11

Machine type is 18F57Q43



                Name                               Link     Load   Length Selector   Space Scale
C:\Users\Admin\AppData\Local\Temp\xcAslr4.\driver_tmp_14.o
                idloc                            200000   200000       40        0       5
                config                           300000   300000        A        0       4
                init                                 1A       1A        4        4       0
                reset_vec                             0        0        4        0       0
dist/default/debug\pic_mirf.X.debug.o
                idloc                            200000   200000       40        0       5
                config                           300000   300000        A        0       4
                mediumconst                        FE52     FE52      1AE     7F29       0
                ivt0x8                                8        8       12        4       0
                text70                            127DA    127DA        2     8000       0
                text69                            124AA    124AA       32     8000       0
                text68                            1256A    1256A       2C     8000       0
                text67                            12444    12444       34     8000       0
                text66                            1250C    1250C       30     8000       0
                text65                            12766    12766       16     8000       0
                text64                            1260E    1260E       26     8000       0
                text63                            12738    12738       18     8000       0
                text62                            12478    12478       32     8000       0
                text61                            105D8    105D8      234     8000       0
                text60                            12750    12750       16     8000       0
                text59                            1202A    1202A       6E     8000       0
                text58                            11164    11164       FE     8000       0
                text57                            11728    11728       C6     8000       0
                text56                            11D44    11D44       8E     8000       0
                text55                            127BE    127BE        E     8000       0
                text54                            1277C    1277C       14     8000       0
                text53                            127B0    127B0        E     8000       0
                text52                            127A2    127A2        E     8000       0
                text51                            123A6    123A6       36     8000       0
                text50                            11C06    11C06       A0     8000       0
                text49                            12720    12720       18     8000       0
                text48                            12790    12790       12     8000       0
                text47                            12410    12410       34     8000       0
                text46                            12292    12292       3A     8000       0
                text45                            126B4    126B4       1E     8000       0
                text44                            122CC    122CC       38     8000       0
                text43                            123DC    123DC       34     8000       0
                text42                            11F4A    11F4A       72     8000       0
                text41                            127CC    127CC        C     8000       0
                text40                            126EE    126EE       1A     8000       0
                text39                            125E6    125E6       28     8000       0
                text38                            11E56    11E56       82     8000       0
                text37                            125BE    125BE       28     8000       0
                text36                            12370    12370       36     8000       0
                text35                            11262    11262       D4     8000       0
                text34                            1253C    1253C       2E     8000       0
                text33                            11FBC    11FBC       6E     8000       0
                text32                            121AA    121AA       56     8000       0
                text31                            12634    12634       22     8000       0
                text30                            126D2    126D2       1C     8000       0
                text29                            117EE    117EE       C4     8000       0
                text28                            11966    11966       B0     8000       0
                text27                            1233A    1233A       36     8000       0
                text26                            127D8    127D8        2     8000       0
                text25                            11404    11404       CC     8000       0
                text24                            1224A    1224A       48     8000       0
                text23                            11AC2    11AC2       A4     8000       0
                text22                            10A2E    10A2E      17C     8000       0
                text21                            11336    11336       CE     8000       0
                text20                            10BAA    10BAA      178     8000       0
                text19                            10F58    10F58      108     8000       0
                text18                            10000    10000      392     8000       0
                text17                            12154    12154       56     8000       0
                text16                            12596    12596       28     8000       0
                text15                            11A16    11A16       AC     8000       0
                text14                            12098    12098       64     8000       0
                text13                            11DD2    11DD2       84     8000       0
                text12                            1080C    1080C      222     8000       0
                text11                            120FC    120FC       58     8000       0
                text10                            12200    12200       4A     8000       0
                text9                             12304    12304       36     8000       0
                text8                             11B66    11B66       A0     8000       0
                text7                             124DC    124DC       30     8000       0
                text6                             118B2    118B2       B4     8000       0
                text5                             10D22    10D22      126     8000       0
                text4                             10392    10392      246     8000       0
                text3                             12696    12696       1E     8000       0
                text2                             11ED8    11ED8       72     8000       0
                text1                             11060    11060      104     8000       0
                text0                             11CA6    11CA6       9E     8000       0
                cstackCOMRAM                        501      501       36      501       1
                cstackBANK5                         560      560       86      560       1
                cstackBANK6                         600      600       E8      600       1
                cstackBANK7                         700      700       C8      700       1
                cstackBANK8                         800      800       C8      800       1
                cstackBANK9                         900      900       C8      900       1
                bssBANK14                           E00      E00       C8      E00       1
                dataBANK13                          D00      D00       C8      D00       1
                dataBANK12                          C00      C00       C8      C00       1
                dataBANK11                          B00      B00       C8      B00       1
                bssBANK10                           A00      A00       C8      A00       1
                dataBANK9                           9C8      9C8       20      900       1
                dataBANK8                           8C8      8C8       20      800       1
                bssBANK7                            7C8      7C8       20      700       1
                dataBANK6                           6E8      6E8       18      600       1
                bssBANK5                            5E6      5E6        5      560       1
                bssCOMRAM                           537      537        B      501       1
                cinit                             10E48    10E48      110     8000       0
                nvCOMRAM                            542      542        9      501       1
                idataBANK13                       11660    11660       C8     8000       0
                idataBANK12                       11598    11598       C8     8000       0
                idataBANK11                       114D0    114D0       C8     8000       0
                idataBANK9                        12676    12676       20     8000       0
                idataBANK8                        12656    12656       20     8000       0
                idataBANK6                        12708    12708       18     8000       0

TOTAL           Name                               Link     Load   Length     Space
        CLASS   CODE           
                init                                 1A       1A        4         0
                reset_vec                             0        0        4         0
                ivt0x8                                8        8       12         0
                text70                            127DA    127DA        2         0
                text69                            124AA    124AA       32         0
                text68                            1256A    1256A       2C         0
                text67                            12444    12444       34         0
                text66                            1250C    1250C       30         0
                text65                            12766    12766       16         0
                text64                            1260E    1260E       26         0
                text63                            12738    12738       18         0
                text62                            12478    12478       32         0
                text61                            105D8    105D8      234         0
                text60                            12750    12750       16         0
                text59                            1202A    1202A       6E         0
                text58                            11164    11164       FE         0
                text57                            11728    11728       C6         0
                text56                            11D44    11D44       8E         0
                text55                            127BE    127BE        E         0
                text54                            1277C    1277C       14         0
                text53                            127B0    127B0        E         0
                text52                            127A2    127A2        E         0
                text51                            123A6    123A6       36         0
                text50                            11C06    11C06       A0         0
                text49                            12720    12720       18         0
                text48                            12790    12790       12         0
                text47                            12410    12410       34         0
                text46                            12292    12292       3A         0
                text45                            126B4    126B4       1E         0
                text44                            122CC    122CC       38         0
                text43                            123DC    123DC       34         0
                text42                            11F4A    11F4A       72         0
                text41                            127CC    127CC        C         0
                text40                            126EE    126EE       1A         0
                text39                            125E6    125E6       28         0
                text38                            11E56    11E56       82         0
                text37                            125BE    125BE       28         0
                text36                            12370    12370       36         0
                text35                            11262    11262       D4         0
                text34                            1253C    1253C       2E         0
                text33                            11FBC    11FBC       6E         0
                text32                            121AA    121AA       56         0
                text31                            12634    12634       22         0
                text30                            126D2    126D2       1C         0
                text29                            117EE    117EE       C4         0
                text28                            11966    11966       B0         0
                text27                            1233A    1233A       36         0
                text26                            127D8    127D8        2         0
                text25                            11404    11404       CC         0
                text24                            1224A    1224A       48         0
                text23                            11AC2    11AC2       A4         0
                text22                            10A2E    10A2E      17C         0
                text21                            11336    11336       CE         0
                text20                            10BAA    10BAA      178         0
                text19                            10F58    10F58      108         0
                text18                            10000    10000      392         0
                text17                            12154    12154       56         0
                text16                            12596    12596       28         0
                text15                            11A16    11A16       AC         0
                text14                            12098    12098       64         0
                text13                            11DD2    11DD2       84         0
                text12                            1080C    1080C      222         0
                text11                            120FC    120FC       58         0
                text10                            12200    12200       4A         0
                text9                             12304    12304       36         0
                text8                             11B66    11B66       A0         0
                text7                             124DC    124DC       30         0
                text6                             118B2    118B2       B4         0
                text5                             10D22    10D22      126         0
                text4                             10392    10392      246         0
                text3                             12696    12696       1E         0
                text2                             11ED8    11ED8       72         0
                text1                             11060    11060      104         0
                text0                             11CA6    11CA6       9E         0
                cinit                             10E48    10E48      110         0
                idataBANK13                       11660    11660       C8         0
                idataBANK12                       11598    11598       C8         0
                idataBANK11                       114D0    114D0       C8         0
                idataBANK9                        12676    12676       20         0
                idataBANK8                        12656    12656       20         0
                idataBANK6                        12708    12708       18         0

        CLASS   CONST          

        CLASS   SMALLCONST     

        CLASS   MEDIUMCONST    
                mediumconst                        FE52     FE52      1AE         0

        CLASS   COMRAM         
                cstackCOMRAM                        501      501       36         1
                bssCOMRAM                           537      537        B         1
                nvCOMRAM                            542      542        9         1

        CLASS   ABS1           

        CLASS   BIGRAM         

        CLASS   RAM            

        CLASS   BANK5          
                cstackBANK5                         560      560       86         1
                bssBANK5                            5E6      5E6        5         1

        CLASS   BANK6          
                cstackBANK6                         600      600       E8         1
                dataBANK6                           6E8      6E8       18         1

        CLASS   BANK7          
                cstackBANK7                         700      700       C8         1
                bssBANK7                            7C8      7C8       20         1

        CLASS   BANK8          
                cstackBANK8                         800      800       C8         1
                dataBANK8                           8C8      8C8       20         1

        CLASS   BANK9          
                cstackBANK9                         900      900       C8         1
                dataBANK9                           9C8      9C8       20         1

        CLASS   BANK10         
                bssBANK10                           A00      A00       C8         1

        CLASS   BANK11         
                dataBANK11                          B00      B00       C8         1

        CLASS   BANK12         
                dataBANK12                          C00      C00       C8         1

        CLASS   BANK13         
                dataBANK13                          D00      D00       C8         1

        CLASS   BANK14         
                bssBANK14                           E00      E00       C8         1

        CLASS   BANK15         

        CLASS   BANK16         

        CLASS   BANK17         

        CLASS   BANK18         

        CLASS   BANK19         

        CLASS   BANK20         

        CLASS   BANK21         

        CLASS   BANK22         

        CLASS   BANK23         

        CLASS   BANK24         

        CLASS   BANK25         

        CLASS   BANK26         

        CLASS   BANK27         

        CLASS   BANK28         

        CLASS   BANK29         

        CLASS   BANK30         

        CLASS   BANK31         

        CLASS   BANK32         

        CLASS   BANK33         

        CLASS   BANK34         

        CLASS   BANK35         

        CLASS   BANK36         

        CLASS   SFR            

        CLASS   BIGSFR         

        CLASS   CONFIG         
                config                           300000   300000        A         4

        CLASS   IDLOC          
                idloc                            200000   200000       40         5

        CLASS   EEDATA         

        CLASS   FARRAM         

        CLASS   HEAP           

        CLASS   STACK          



SEGMENTS        Name                           Load    Length   Top    Selector   Space  Class

                reset_vec                      000000  000004  000004         0       0  CODE    
                ivt0x8                         000008  000016  00001E         4       0  CODE    
                cstackCOMRAM                   000501  00004A  00054B       501       1  COMRAM  
                cstackBANK5                    000560  00008B  0005EB       560       1  BANK5   
                cstackBANK6                    000600  000100  000700       600       1  BANK6   
                cstackBANK7                    000700  0000E8  0007E8       700       1  BANK7   
                cstackBANK8                    000800  0000E8  0008E8       800       1  BANK8   
                cstackBANK9                    000900  0000E8  0009E8       900       1  BANK9   
                bssBANK10                      000A00  0000C8  000AC8       A00       1  BANK10  
                dataBANK11                     000B00  0000C8  000BC8       B00       1  BANK11  
                dataBANK12                     000C00  0000C8  000CC8       C00       1  BANK12  
                dataBANK13                     000D00  0000C8  000DC8       D00       1  BANK13  
                bssBANK14                      000E00  0000C8  000EC8       E00       1  BANK14  
                mediumconst                    00FE52  0001AE  010000      7F29       0  MEDIUMCO
                text18                         010000  0027DC  0127DC      8000       0  CODE    


UNUSED ADDRESS RANGES

        Name                Unused          Largest block    Delta
        BANK10           000AC8-000AFF               38
        BANK11           000BC8-000BFF               38
        BANK12           000CC8-000CFF               38
        BANK13           000DC8-000DFF               38
        BANK14           000EC8-000EFF               38
        BANK15           000F00-000FFF              100
        BANK16           001000-0010FF              100
        BANK17           001100-0011FF              100
        BANK18           001200-0012FF              100
        BANK19           001300-0013FF              100
        BANK20           001400-0014FF              100
        BANK21           001500-0015FF              100
        BANK22           001600-0016FF              100
        BANK23           001700-0017FF              100
        BANK24           001800-0018FF              100
        BANK25           001900-0019FF              100
        BANK26           001A00-001AFF              100
        BANK27           001B00-001BFF              100
        BANK28           001C00-001CFF              100
        BANK29           001D00-001DFF              100
        BANK30           001E00-001EFF              100
        BANK31           001F00-001FFF              100
        BANK32           002000-0020FF              100
        BANK33           002100-0021FF              100
        BANK34           002200-0022FF              100
        BANK35           002300-0023FF              100
        BANK36           002400-0024FF              100
        BANK5            0005EB-0005FF               15
        BANK7            0007E8-0007FF               18
        BANK8            0008E8-0008FF               18
        BANK9            0009E8-0009FF               18
        BIGRAM           00054B-00055F               15
                         0005EB-0005FF               15
                         0007E8-0007FF               18
                         0008E8-0008FF               18
                         0009E8-0009FF               18
                         000AC8-000AFF               38
                         000BC8-000BFF               38
                         000CC8-000CFF               38
                         000DC8-000DFF               38
                         000EC8-0024FF             1638
        BIGSFR           000000-0004FF              500
                         002500-0025FF              100
        CODE             000004-000007                4
                         00001E-00FE51             FE34
                         0127DC-01FFFF             D824
        COMRAM           00054B-00055F               15
        CONFIG           30000A-300011                8
        CONST            000004-000007                4
                         00001E-00FE51             FE34
                         0127DC-01FFFF             D824
        EEDATA           380000-3803FF              400
        MEDIUMCONST      002600-00FE51             D852
                         0127DC-01FFFF             D824
        RAM              0005EB-0005FF               15
                         0007E8-0007FF               18
                         0008E8-0008FF               18
                         0009E8-0009FF               18
                         000AC8-000AFF               38
                         000BC8-000BFF               38
                         000CC8-000CFF               38
                         000DC8-000DFF               38
                         000EC8-0024FF              100
        SFR              000000-0004FF              100
                         002500-0025FF              100
        SMALLCONST       002600-00FE51              100
                         0127DC-01FFFF              100

                                  Symbol Table

?_Nrf24_setRADDR                          cstackBANK5  00056A
?_Nrf24_setTADDR                          cstackBANK5  00056A
?___awdiv                                 cstackBANK5  000560
?___awmod                                 cstackBANK5  000560
?_abs                                     cstackBANK5  000566
?_printf                                  cstackBANK5  00059D
?_read_prec_or_width                      cstackBANK5  000560
?_vfprintf                                cstackBANK5  000595
DELAY_microseconds@microseconds           cstackBANK5  000560
DELAY_milliseconds@milliseconds           cstackBANK5  000560
INT1_SetInterruptHandler@InterruptHandler cstackBANK5  000560
INT2_SetInterruptHandler@InterruptHandler cstackBANK5  000560
INTSTAT_ADDR                              (abs)        0000D7
IVTBASEH                                  (abs)        00045E
IVTBASEL                                  (abs)        00045D
IVTBASEU                                  (abs)        00045F
Nrf24_SetSpeedDataRates@dev               cstackBANK5  00056A
Nrf24_SetSpeedDataRates@val               cstackBANK5  00056C
Nrf24_SetSpeedDataRates@value             cstackBANK5  00056D
Nrf24_config@channel                      cstackBANK5  00056F
Nrf24_config@dev                          cstackBANK5  00056D
Nrf24_config@payload                      cstackBANK5  000570
Nrf24_configRegister@reg                  cstackBANK5  000563
Nrf24_configRegister@value                cstackBANK5  000562
Nrf24_dataReady@dev                       cstackBANK5  00056D
Nrf24_dataReady@status                    cstackBANK5  00056F
Nrf24_flushRx@dev                         cstackBANK5  000562
Nrf24_getCRCLength@AA                     cstackBANK5  00056D
Nrf24_getCRCLength@config                 cstackBANK5  00056E
Nrf24_getCRCLength@dev                    cstackBANK5  00056A
Nrf24_getCRCLength@result                 cstackBANK5  00056C
Nrf24_getData@data                        cstackBANK5  000568
Nrf24_getData@dev                         cstackBANK5  000566
Nrf24_getDataRate@dev                     cstackBANK5  00056A
Nrf24_getDataRate@dr                      cstackBANK5  00056D
Nrf24_getDataRate@result                  cstackBANK5  00056C
Nrf24_getPALevel@dev                      cstackBANK5  00056A
Nrf24_getPALevel@level                    cstackBANK5  00056C
Nrf24_getRetransmitDelay@dev              cstackBANK5  00056A
Nrf24_getRetransmitDelay@value            cstackBANK5  00056C
Nrf24_getStatus@dev                       cstackBANK5  00056A
Nrf24_getStatus@rv                        cstackBANK5  00056C
Nrf24_init@dev                            cstackBANK5  000561
Nrf24_powerUpRx@dev                       cstackBANK5  000564
Nrf24_printDetails@delay                  cstackBANK5  0005C1
Nrf24_printDetails@dev                    cstackBANK5  0005BB
Nrf24_printDetails@retransmit             cstackBANK5  0005C3
Nrf24_print_address_register@buffer       cstackBANK5  0005B4
Nrf24_print_address_register@dev          cstackBANK5  0005AD
Nrf24_print_address_register@i            cstackBANK5  0005B9
Nrf24_print_address_register@name         cstackBANK5  0005AF
Nrf24_print_address_register@qty          cstackBANK5  0005B2
Nrf24_print_address_register@reg          cstackBANK5  0005B1
Nrf24_print_byte_register@buffer          cstackBANK5  0005B3
Nrf24_print_byte_register@dev             cstackBANK5  0005AD
Nrf24_print_byte_register@name            cstackBANK5  0005AF
Nrf24_print_byte_register@qty             cstackBANK5  0005B2
Nrf24_print_byte_register@reg             cstackBANK5  0005B1
Nrf24_print_status@status                 cstackBANK5  0005AE
Nrf24_readRegister@len                    cstackBANK5  000568
Nrf24_readRegister@reg                    cstackBANK5  000569
Nrf24_readRegister@value                  cstackBANK5  000566
Nrf24_setRADDR@adr                        cstackBANK5  00056C
Nrf24_setRADDR@buffer                     cstackBANK5  000571
Nrf24_setRADDR@dev                        cstackBANK5  00056A
Nrf24_setRADDR@i                          cstackBANK5  000578
Nrf24_setRADDR@ret                        cstackBANK5  000576
Nrf24_setRetransmitDelay@dev              cstackBANK5  00056A
Nrf24_setRetransmitDelay@val              cstackBANK5  00056C
Nrf24_setRetransmitDelay@value            cstackBANK5  00056D
Nrf24_setTADDR@adr                        cstackBANK5  00056C
Nrf24_setTADDR@buffer                     cstackBANK5  000571
Nrf24_setTADDR@dev                        cstackBANK5  00056A
Nrf24_setTADDR@i                          cstackBANK5  000578
Nrf24_setTADDR@ret                        cstackBANK5  000576
Nrf24_writeRegister@len                   cstackBANK5  000568
Nrf24_writeRegister@reg                   cstackBANK5  000569
Nrf24_writeRegister@value                 cstackBANK5  000566
RC6_SetInterruptHandler@InterruptHandler  cstackBANK5  000560
SPI1_ByteExchange@byteData                cstackBANK5  000560
SPI1_ByteExchange@returnValue             cstackBANK5  000561
SPI1_Open@spiConfigIndex                  cstackBANK5  000560
SPI_read_buff@buffer                      cstackBANK5  000562
SPI_read_buff@bytes                       cstackBANK5  000564
SPI_read_buff@i                           cstackBANK5  000565
SPI_write_buff@buffer                     cstackBANK5  000562
SPI_write_buff@bytes                      cstackBANK5  000564
SPI_write_buff@i                          cstackBANK5  000565
_ACTCON                                   (abs)        0000AC
_ANSELA                                   (abs)        000400
_ANSELB                                   (abs)        000408
_ANSELC                                   (abs)        000410
_ANSELD                                   (abs)        000418
_ANSELE                                   (abs)        000420
_ANSELF                                   (abs)        000428
_CLOCK_Initialize                         text54       01277C
_DELAY_microseconds                       text11       0120FC
_DELAY_milliseconds                       text47       012410
_INLVLA                                   (abs)        000404
_INLVLB                                   (abs)        00040C
_INLVLC                                   (abs)        000414
_INLVLD                                   (abs)        00041C
_INLVLE                                   (abs)        000424
_INLVLF                                   (abs)        00042C
_INT0_InterruptHandler                    bssCOMRAM    00053A
_INT1_DefaultInterruptHandler             (abs)        000000
_INT1_InterruptHandler                    nvCOMRAM     000545
_INT1_SetInterruptHandler                 text53       0127B0
_INT2_DefaultInterruptHandler             (abs)        000000
_INT2_InterruptHandler                    nvCOMRAM     000542
_INT2_SetInterruptHandler                 text52       0127A2
_INTCON0bits                              (abs)        0004D6
_INTERRUPT_Initialize                     text51       0123A6
_INTERRUPT_InterruptManager               text56       011D44
_IOCAF                                    (abs)        000407
_IOCAN                                    (abs)        000406
_IOCAP                                    (abs)        000405
_IOCBF                                    (abs)        00040F
_IOCBN                                    (abs)        00040E
_IOCBP                                    (abs)        00040D
_IOCCF                                    (abs)        000417
_IOCCFbits                                (abs)        000417
_IOCCN                                    (abs)        000416
_IOCCNbits                                (abs)        000416
_IOCCP                                    (abs)        000415
_IOCEF                                    (abs)        000427
_IOCEN                                    (abs)        000426
_IOCEP                                    (abs)        000425
_LATA                                     (abs)        0004BE
_LATAbits                                 (abs)        0004BE
_LATB                                     (abs)        0004BF
_LATC                                     (abs)        0004C0
_LATCbits                                 (abs)        0004C0
_LATD                                     (abs)        0004C1
_LATE                                     (abs)        0004C2
_LATF                                     (abs)        0004C3
_Nrf24_SetSpeedDataRates                  text42       011F4A
_Nrf24_config                             text38       011E56
_Nrf24_configRegister                     text45       0126B4
_Nrf24_dataReady                          text37       0125BE
_Nrf24_flushRx                            text41       0127CC
_Nrf24_getCRCLength                       text33       011FBC
_Nrf24_getData                            text36       012370
_Nrf24_getDataRate                        text32       0121AA
_Nrf24_getPALevel                         text31       012634
_Nrf24_getRetransmitDelay                 text30       0126D2
_Nrf24_getStatus                          text40       0126EE
_Nrf24_init                               text34       01253C
_Nrf24_powerUpRx                          text39       0125E6
_Nrf24_printDetails                       text12       01080C
_Nrf24_print_address_register             text15       011A16
_Nrf24_print_byte_register                text14       012098
_Nrf24_print_status                       text13       011DD2
_Nrf24_readRegister                       text43       0123DC
_Nrf24_setRADDR                           text8        011B66
_Nrf24_setRetransmitDelay                 text7        0124DC
_Nrf24_setTADDR                           text6        0118B2
_Nrf24_writeRegister                      text9        012304
_ODCONA                                   (abs)        000402
_ODCONB                                   (abs)        00040A
_ODCONC                                   (abs)        000412
_ODCOND                                   (abs)        00041A
_ODCONE                                   (abs)        000422
_ODCONF                                   (abs)        00042A
_OSCCON1                                  (abs)        0000AD
_OSCCON3                                  (abs)        0000AF
_OSCEN                                    (abs)        0000B3
_OSCFRQ                                   (abs)        0000B1
_OSCTUNE                                  (abs)        0000B0
_PIE0bits                                 (abs)        00049E
_PIE1bits                                 (abs)        00049F
_PIE3bits                                 (abs)        0004A1
_PIN_MANAGER_Initialize                   text50       011C06
_PIR0bits                                 (abs)        0004AE
_PIR10bits                                (abs)        0004B8
_PIR1bits                                 (abs)        0004AF
_PIR3bits                                 (abs)        0004B1
_PIR6bits                                 (abs)        0004B4
_RB1I2C                                   (abs)        000289
_RB2I2C                                   (abs)        000288
_RC3I2C                                   (abs)        000287
_RC3PPS                                   (abs)        000214
_RC4I2C                                   (abs)        000286
_RC4PPS                                   (abs)        000215
_RC6_InterruptHandler                     nvCOMRAM     000548
_RC6_SetInterruptHandler                  text55       0127BE
_SLRCONA                                  (abs)        000403
_SLRCONB                                  (abs)        00040B
_SLRCONC                                  (abs)        000413
_SLRCOND                                  (abs)        00041B
_SLRCONE                                  (abs)        000423
_SLRCONF                                  (abs)        00042B
_SPI1BAUD                                 (abs)        000089
_SPI1CLK                                  (abs)        00008C
_SPI1CON0                                 (abs)        000084
_SPI1CON0bits                             (abs)        000084
_SPI1CON1                                 (abs)        000085
_SPI1CON2                                 (abs)        000086
_SPI1INTFbits                             (abs)        00008A
_SPI1RXB                                  (abs)        000080
_SPI1SCKPPS                               (abs)        00026A
_SPI1SDIPPS                               (abs)        00026B
_SPI1STATUSbits                           (abs)        000087
_SPI1TCNTH                                (abs)        000083
_SPI1TCNTL                                (abs)        000082
_SPI1TXB                                  (abs)        000081
_SPI1_BufferExchange                      (abs)        000000
_SPI1_BufferRead                          (abs)        000000
_SPI1_BufferWrite                         (abs)        000000
_SPI1_ByteExchange                        text46       012292
_SPI1_ByteExchange$intlevel0              text46       01229C
_SPI1_ByteRead                            (abs)        000000
_SPI1_ByteWrite                           (abs)        000000
_SPI1_Close                               (abs)        000000
_SPI1_Deinitialize                        (abs)        000000
_SPI1_Initialize                          text49       012720
_SPI1_IsRxReady                           (abs)        000000
_SPI1_IsTxReady                           (abs)        000000
_SPI1_Open                                text35       011262
_SPI1_nrf24                               mediumconst  00FE53
_SPI_read_buff                            text44       0122CC
_SPI_write_buff                           text10       012200
_SYSTEM_Initialize                        text48       012790
_T0CON0                                   (abs)        00031A
_T0CON0bits                               (abs)        00031A
_T0CON1                                   (abs)        00031B
_TMR0H                                    (abs)        000319
_TMR0L                                    (abs)        000318
_TMR0_DefaultOverflowCallback             text70       0127DA
_TMR0_Initialize                          (abs)        000000
_TMR0_OverflowCallback                    bssCOMRAM    000537
_TMR0_OverflowCallbackRegister            (abs)        000000
_TMR0_OverflowISR                         text69       0124AA
_TMR0_Reload                              (abs)        000000
_TMR0_Start                               (abs)        000000
_TMR0_Stop                                (abs)        000000
_TRISA                                    (abs)        0004C6
_TRISB                                    (abs)        0004C7
_TRISC                                    (abs)        0004C8
_TRISCbits                                (abs)        0004C8
_TRISD                                    (abs)        0004C9
_TRISE                                    (abs)        0004CA
_TRISF                                    (abs)        0004CB
_Timer0                                   mediumconst  00FE7D
_WPUA                                     (abs)        000401
_WPUB                                     (abs)        000409
_WPUC                                     (abs)        000411
_WPUD                                     (abs)        000419
_WPUE                                     (abs)        000421
_WPUF                                     (abs)        000429
__HRAM                                    (abs)        000000
__H__absolute__                           __absolute__ 000000
__Habs1                                   abs1         000000
__Hbank10                                 bank10       000000
__Hbank11                                 bank11       000000
__Hbank12                                 bank12       000000
__Hbank13                                 bank13       000000
__Hbank14                                 bank14       000000
__Hbank15                                 bank15       000000
__Hbank16                                 bank16       000000
__Hbank17                                 bank17       000000
__Hbank18                                 bank18       000000
__Hbank19                                 bank19       000000
__Hbank20                                 bank20       000000
__Hbank21                                 bank21       000000
__Hbank22                                 bank22       000000
__Hbank23                                 bank23       000000
__Hbank24                                 bank24       000000
__Hbank25                                 bank25       000000
__Hbank26                                 bank26       000000
__Hbank27                                 bank27       000000
__Hbank28                                 bank28       000000
__Hbank29                                 bank29       000000
__Hbank30                                 bank30       000000
__Hbank31                                 bank31       000000
__Hbank32                                 bank32       000000
__Hbank33                                 bank33       000000
__Hbank34                                 bank34       000000
__Hbank35                                 bank35       000000
__Hbank36                                 bank36       000000
__Hbank5                                  bank5        000000
__Hbank6                                  bank6        000000
__Hbank7                                  bank7        000000
__Hbank8                                  bank8        000000
__Hbank9                                  bank9        000000
__Hbigbss                                 bigbss       000000
__Hbigdata                                bigdata      000000
__Hbigram                                 bigram       000000
__Hbigsfr                                 bigsfr       000000
__Hbss                                    bss          000000
__HbssBANK10                              bssBANK10    000000
__HbssBANK14                              bssBANK14    000000
__HbssBANK5                               bssBANK5     000000
__HbssBANK7                               bssBANK7     000000
__HbssCOMRAM                              bssCOMRAM    000000
__Hcinit                                  cinit        000000
__Hclrtext                                clrtext      000000
__Hcomram                                 comram       000000
__Hconfig                                 config       30000A
__Hconst                                  const        000000
__HcstackBANK5                            cstackBANK5  000000
__HcstackBANK6                            cstackBANK6  000000
__HcstackBANK7                            cstackBANK7  000000
__HcstackBANK8                            cstackBANK8  000000
__HcstackBANK9                            cstackBANK9  000000
__HcstackCOMRAM                           cstackCOMRAM 000000
__Hdata                                   data         000000
__HdataBANK11                             dataBANK11   000000
__HdataBANK12                             dataBANK12   000000
__HdataBANK13                             dataBANK13   000000
__HdataBANK6                              dataBANK6    000000
__HdataBANK8                              dataBANK8    000000
__HdataBANK9                              dataBANK9    000000
__Heeprom_data                            eeprom_data  000000
__Hfarbss                                 farbss       000000
__Hfardata                                fardata      000000
__Hheap                                   heap         000000
__Hibigdata                               ibigdata     000000
__Hidata                                  idata        000000
__HidataBANK11                            idataBANK11  000000
__HidataBANK12                            idataBANK12  000000
__HidataBANK13                            idataBANK13  000000
__HidataBANK6                             idataBANK6   000000
__HidataBANK8                             idataBANK8   000000
__HidataBANK9                             idataBANK9   000000
__Hidloc                                  idloc        200040
__Hifardata                               ifardata     000000
__Hinit                                   init         00001E
__Hintsave_regs                           intsave_regs 000000
__Hirdata                                 irdata       000000
__Hivt0x8                                 ivt0x8       00001A
__Hmediumconst                            mediumconst  010000
__HnvCOMRAM                               nvCOMRAM     000000
__HnvFARRAM                               nvFARRAM     000000
__Hnvbit                                  nvbit        000000
__Hnvrram                                 nvrram       000000
__Hparam                                  rparam       000000
__Hpowerup                                powerup      000000
__Hram                                    ram          000000
__Hramtop                                 ramtop       002600
__Hrbit                                   rbit         000000
__Hrbss                                   rbss         000000
__Hrdata                                  rdata        000000
__Hreset_vec                              reset_vec    000004
__Hrparam                                 rparam       000000
__Hsfr                                    sfr          000000
__Hsmallconst                             smallconst   000000
__Hspace_0                                (abs)        0127DC
__Hspace_1                                (abs)        000EC8
__Hspace_2                                (abs)        000000
__Hspace_4                                (abs)        60000A
__Hstack                                  stack        000000
__Hstruct                                 struct       000000
__Htemp                                   temp         000000
__Htext                                   text         000000
__Htext0                                  text0        000000
__Htext1                                  text1        000000
__Htext10                                 text10       000000
__Htext11                                 text11       000000
__Htext12                                 text12       000000
__Htext13                                 text13       000000
__Htext14                                 text14       000000
__Htext15                                 text15       000000
__Htext16                                 text16       000000
__Htext17                                 text17       000000
__Htext18                                 text18       000000
__Htext19                                 text19       000000
__Htext2                                  text2        000000
__Htext20                                 text20       000000
__Htext21                                 text21       000000
__Htext22                                 text22       000000
__Htext23                                 text23       000000
__Htext24                                 text24       000000
__Htext25                                 text25       000000
__Htext26                                 text26       000000
__Htext27                                 text27       000000
__Htext28                                 text28       000000
__Htext29                                 text29       000000
__Htext3                                  text3        000000
__Htext30                                 text30       000000
__Htext31                                 text31       000000
__Htext32                                 text32       000000
__Htext33                                 text33       000000
__Htext34                                 text34       000000
__Htext35                                 text35       000000
__Htext36                                 text36       000000
__Htext37                                 text37       000000
__Htext38                                 text38       000000
__Htext39                                 text39       000000
__Htext4                                  text4        000000
__Htext40                                 text40       000000
__Htext41                                 text41       000000
__Htext42                                 text42       000000
__Htext43                                 text43       000000
__Htext44                                 text44       000000
__Htext45                                 text45       000000
__Htext46                                 text46       000000
__Htext47                                 text47       000000
__Htext48                                 text48       000000
__Htext49                                 text49       000000
__Htext5                                  text5        000000
__Htext50                                 text50       000000
__Htext51                                 text51       000000
__Htext52                                 text52       000000
__Htext53                                 text53       000000
__Htext54                                 text54       000000
__Htext55                                 text55       000000
__Htext56                                 text56       000000
__Htext57                                 text57       000000
__Htext58                                 text58       000000
__Htext59                                 text59       000000
__Htext6                                  text6        000000
__Htext60                                 text60       000000
__Htext61                                 text61       000000
__Htext62                                 text62       000000
__Htext63                                 text63       000000
__Htext64                                 text64       000000
__Htext65                                 text65       000000
__Htext66                                 text66       000000
__Htext67                                 text67       000000
__Htext68                                 text68       000000
__Htext69                                 text69       000000
__Htext7                                  text7        000000
__Htext70                                 text70       000000
__Htext8                                  text8        000000
__Htext9                                  text9        000000
__LRAM                                    (abs)        000001
__L__absolute__                           __absolute__ 000000
__Labs1                                   abs1         000000
__Lbank10                                 bank10       000000
__Lbank11                                 bank11       000000
__Lbank12                                 bank12       000000
__Lbank13                                 bank13       000000
__Lbank14                                 bank14       000000
__Lbank15                                 bank15       000000
__Lbank16                                 bank16       000000
__Lbank17                                 bank17       000000
__Lbank18                                 bank18       000000
__Lbank19                                 bank19       000000
__Lbank20                                 bank20       000000
__Lbank21                                 bank21       000000
__Lbank22                                 bank22       000000
__Lbank23                                 bank23       000000
__Lbank24                                 bank24       000000
__Lbank25                                 bank25       000000
__Lbank26                                 bank26       000000
__Lbank27                                 bank27       000000
__Lbank28                                 bank28       000000
__Lbank29                                 bank29       000000
__Lbank30                                 bank30       000000
__Lbank31                                 bank31       000000
__Lbank32                                 bank32       000000
__Lbank33                                 bank33       000000
__Lbank34                                 bank34       000000
__Lbank35                                 bank35       000000
__Lbank36                                 bank36       000000
__Lbank5                                  bank5        000000
__Lbank6                                  bank6        000000
__Lbank7                                  bank7        000000
__Lbank8                                  bank8        000000
__Lbank9                                  bank9        000000
__Lbigbss                                 bigbss       000000
__Lbigdata                                bigdata      000000
__Lbigram                                 bigram       000000
__Lbigsfr                                 bigsfr       000000
__Lbss                                    bss          000000
__LbssBANK10                              bssBANK10    000000
__LbssBANK14                              bssBANK14    000000
__LbssBANK5                               bssBANK5     000000
__LbssBANK7                               bssBANK7     000000
__LbssCOMRAM                              bssCOMRAM    000000
__Lcinit                                  cinit        000000
__Lclrtext                                clrtext      000000
__Lcomram                                 comram       000000
__Lconfig                                 config       000000
__Lconst                                  const        000000
__LcstackBANK5                            cstackBANK5  000000
__LcstackBANK6                            cstackBANK6  000000
__LcstackBANK7                            cstackBANK7  000000
__LcstackBANK8                            cstackBANK8  000000
__LcstackBANK9                            cstackBANK9  000000
__LcstackCOMRAM                           cstackCOMRAM 000000
__Ldata                                   data         000000
__LdataBANK11                             dataBANK11   000000
__LdataBANK12                             dataBANK12   000000
__LdataBANK13                             dataBANK13   000000
__LdataBANK6                              dataBANK6    000000
__LdataBANK8                              dataBANK8    000000
__LdataBANK9                              dataBANK9    000000
__Leeprom_data                            eeprom_data  000000
__Lfarbss                                 farbss       000000
__Lfardata                                fardata      000000
__Lheap                                   heap         000000
__Libigdata                               ibigdata     000000
__Lidata                                  idata        000000
__LidataBANK11                            idataBANK11  000000
__LidataBANK12                            idataBANK12  000000
__LidataBANK13                            idataBANK13  000000
__LidataBANK6                             idataBANK6   000000
__LidataBANK8                             idataBANK8   000000
__LidataBANK9                             idataBANK9   000000
__Lidloc                                  idloc        000000
__Lifardata                               ifardata     000000
__Linit                                   init         00001A
__Lintsave_regs                           intsave_regs 000000
__Lirdata                                 irdata       000000
__Livt0x8                                 ivt0x8       000008
__Lmediumconst                            mediumconst  00FE52
__LnvCOMRAM                               nvCOMRAM     000000
__LnvFARRAM                               nvFARRAM     000000
__Lnvbit                                  nvbit        000000
__Lnvrram                                 nvrram       000000
__Lparam                                  rparam       000000
__Lpowerup                                powerup      000000
__Lram                                    ram          000000
__Lramtop                                 ramtop       002600
__Lrbit                                   rbit         000000
__Lrbss                                   rbss         000000
__Lrdata                                  rdata        000000
__Lreset_vec                              reset_vec    000000
__Lrparam                                 rparam       000000
__Lsfr                                    sfr          000000
__Lsmallconst                             smallconst   000000
__Lspace_0                                (abs)        000000
__Lspace_1                                (abs)        000000
__Lspace_2                                (abs)        000000
__Lspace_4                                (abs)        000000
__Lstack                                  stack        000000
__Lstruct                                 struct       000000
__Ltemp                                   temp         000000
__Ltext                                   text         000000
__Ltext0                                  text0        000000
__Ltext1                                  text1        000000
__Ltext10                                 text10       000000
__Ltext11                                 text11       000000
__Ltext12                                 text12       000000
__Ltext13                                 text13       000000
__Ltext14                                 text14       000000
__Ltext15                                 text15       000000
__Ltext16                                 text16       000000
__Ltext17                                 text17       000000
__Ltext18                                 text18       000000
__Ltext19                                 text19       000000
__Ltext2                                  text2        000000
__Ltext20                                 text20       000000
__Ltext21                                 text21       000000
__Ltext22                                 text22       000000
__Ltext23                                 text23       000000
__Ltext24                                 text24       000000
__Ltext25                                 text25       000000
__Ltext26                                 text26       000000
__Ltext27                                 text27       000000
__Ltext28                                 text28       000000
__Ltext29                                 text29       000000
__Ltext3                                  text3        000000
__Ltext30                                 text30       000000
__Ltext31                                 text31       000000
__Ltext32                                 text32       000000
__Ltext33                                 text33       000000
__Ltext34                                 text34       000000
__Ltext35                                 text35       000000
__Ltext36                                 text36       000000
__Ltext37                                 text37       000000
__Ltext38                                 text38       000000
__Ltext39                                 text39       000000
__Ltext4                                  text4        000000
__Ltext40                                 text40       000000
__Ltext41                                 text41       000000
__Ltext42                                 text42       000000
__Ltext43                                 text43       000000
__Ltext44                                 text44       000000
__Ltext45                                 text45       000000
__Ltext46                                 text46       000000
__Ltext47                                 text47       000000
__Ltext48                                 text48       000000
__Ltext49                                 text49       000000
__Ltext5                                  text5        000000
__Ltext50                                 text50       000000
__Ltext51                                 text51       000000
__Ltext52                                 text52       000000
__Ltext53                                 text53       000000
__Ltext54                                 text54       000000
__Ltext55                                 text55       000000
__Ltext56                                 text56       000000
__Ltext57                                 text57       000000
__Ltext58                                 text58       000000
__Ltext59                                 text59       000000
__Ltext6                                  text6        000000
__Ltext60                                 text60       000000
__Ltext61                                 text61       000000
__Ltext62                                 text62       000000
__Ltext63                                 text63       000000
__Ltext64                                 text64       000000
__Ltext65                                 text65       000000
__Ltext66                                 text66       000000
__Ltext67                                 text67       000000
__Ltext68                                 text68       000000
__Ltext69                                 text69       000000
__Ltext7                                  text7        000000
__Ltext70                                 text70       000000
__Ltext8                                  text8        000000
__Ltext9                                  text9        000000
__S0                                      (abs)        0127DC
__S1                                      (abs)        000EC8
__S4                                      (abs)        000000
__S5                                      (abs)        000000
___awdiv                                  text29       0117EE
___awdiv@counter                          cstackBANK5  000564
___awdiv@dividend                         cstackBANK5  000560
___awdiv@divisor                          cstackBANK5  000562
___awdiv@quotient                         cstackBANK5  000566
___awdiv@sign                             cstackBANK5  000565
___awmod                                  text28       011966
___awmod@counter                          cstackBANK5  000564
___awmod@dividend                         cstackBANK5  000560
___awmod@divisor                          cstackBANK5  000562
___awmod@sign                             cstackBANK5  000565
___heap_hi                                (abs)        000000
___heap_lo                                (abs)        000000
___inthi_sp                               stack        000000
___inthi_stack_hi                         stack        000000
___inthi_stack_lo                         stack        000000
___intlo_sp                               stack        000000
___intlo_stack_hi                         stack        000000
___intlo_stack_lo                         stack        000000
___param_bank                             (abs)        000000
___rparam_used                            (abs)        000001
___sp                                     stack        000000
___stack_hi                               stack        000000
___stack_lo                               stack        000000
__accesstop                               (abs)        000560
__activetblptr                            (abs)        000003
__end_of_CLOCK_Initialize                 text54       012790
__end_of_DELAY_microseconds               text11       012154
__end_of_DELAY_milliseconds               text47       012444
__end_of_INT1_SetInterruptHandler         text53       0127BE
__end_of_INT2_SetInterruptHandler         text52       0127B0
__end_of_INTERRUPT_Initialize             text51       0123DC
__end_of_INTERRUPT_InterruptManager       text56       011DD2
__end_of_Nrf24_SetSpeedDataRates          text42       011FBC
__end_of_Nrf24_config                     text38       011ED8
__end_of_Nrf24_configRegister             text45       0126D2
__end_of_Nrf24_dataReady                  text37       0125E6
__end_of_Nrf24_flushRx                    text41       0127D8
__end_of_Nrf24_getCRCLength               text33       01202A
__end_of_Nrf24_getData                    text36       0123A6
__end_of_Nrf24_getDataRate                text32       012200
__end_of_Nrf24_getPALevel                 text31       012656
__end_of_Nrf24_getRetransmitDelay         text30       0126EE
__end_of_Nrf24_getStatus                  text40       012708
__end_of_Nrf24_init                       text34       01256A
__end_of_Nrf24_powerUpRx                  text39       01260E
__end_of_Nrf24_printDetails               text12       010A2E
__end_of_Nrf24_print_address_register     text15       011AC2
__end_of_Nrf24_print_byte_register        text14       0120FC
__end_of_Nrf24_print_status               text13       011E56
__end_of_Nrf24_readRegister               text43       012410
__end_of_Nrf24_setRADDR                   text8        011C06
__end_of_Nrf24_setRetransmitDelay         text7        01250C
__end_of_Nrf24_setTADDR                   text6        011966
__end_of_Nrf24_writeRegister              text9        01233A
__end_of_PIN_MANAGER_Initialize           text50       011CA6
__end_of_RC6_SetInterruptHandler          text55       0127CC
__end_of_SPI1_ByteExchange                text46       0122CC
__end_of_SPI1_Initialize                  text49       012738
__end_of_SPI1_Open                        text35       011336
__end_of_SPI1_nrf24                       mediumconst  00FE7D
__end_of_SPI_read_buff                    text44       012304
__end_of_SPI_write_buff                   text10       01224A
__end_of_SYSTEM_Initialize                text48       0127A2
__end_of_TMR0_DefaultOverflowCallback     text70       0127DC
__end_of_TMR0_OverflowISR                 text69       0124DC
__end_of_Timer0                           mediumconst  00FE8F
__end_of___awdiv                          text29       0118B2
__end_of___awmod                          text28       011A16
__end_of__initialization                  cinit        010F52
__end_of_abs                              text27       012370
__end_of_dtoa                             text22       010BAA
__end_of_fputc                            text25       0114D0
__end_of_fputs                            text24       012292
__end_of_init_nrf                         text5        010E48
__end_of_main                             text0        011D44
__end_of_nrf_interrupt                    text57       0117EE
__end_of_pad                              text23       011B66
__end_of_printf                           text16       0125BE
__end_of_putch                            text26       0127DA
__end_of_read_prec_or_width               text21       011404
__end_of_rf24_crclength                   mediumconst  00FEB7
__end_of_sendByte                         text4        0105D8
__end_of_sendCell                         text2        011F4A
__end_of_sendGrid                         text1        011164
__end_of_sendRGB                          text3        0126B4
__end_of_spi1_configuration               mediumconst  00FE99
__end_of_stoa                             text20       010D22
__end_of_vfpfcnvrt                        text18       010392
__end_of_vfprintf                         text17       0121AA
__end_of_xtoa                             text19       011060
__end_ofi2_Nrf24_configRegister           text63       012750
__end_ofi2_Nrf24_dataReady                text64       012634
__end_ofi2_Nrf24_getData                  text62       0124AA
__end_ofi2_Nrf24_getStatus                text65       01277C
__end_ofi2_Nrf24_readRegister             text66       01253C
__end_ofi2_SPI1_ByteExchange              text68       012596
__end_ofi2_SPI_read_buff                  text67       012478
__end_ofi2_sendByte                       text61       01080C
__end_ofi2_sendCell                       text59       012098
__end_ofi2_sendGrid                       text58       011262
__end_ofi2_sendRGB                        text60       012766
__initialization                          cinit        010E48
__mediumconst                             mediumconst  00FE52
__pbssBANK10                              bssBANK10    000A00
__pbssBANK14                              bssBANK14    000E00
__pbssBANK5                               bssBANK5     0005E6
__pbssBANK7                               bssBANK7     0007C8
__pbssCOMRAM                              bssCOMRAM    000537
__pcinit                                  cinit        010E48
__pcstackBANK5                            cstackBANK5  000560
__pcstackBANK6                            cstackBANK6  000600
__pcstackBANK7                            cstackBANK7  000700
__pcstackBANK8                            cstackBANK8  000800
__pcstackBANK9                            cstackBANK9  000900
__pcstackCOMRAM                           cstackCOMRAM 000501
__pdataBANK11                             dataBANK11   000B00
__pdataBANK12                             dataBANK12   000C00
__pdataBANK13                             dataBANK13   000D00
__pdataBANK6                              dataBANK6    0006E8
__pdataBANK8                              dataBANK8    0008C8
__pdataBANK9                              dataBANK9    0009C8
__pidataBANK11                            idataBANK11  0114D0
__pidataBANK12                            idataBANK12  011598
__pidataBANK13                            idataBANK13  011660
__pidataBANK6                             idataBANK6   012708
__pidataBANK8                             idataBANK8   012656
__pidataBANK9                             idataBANK9   012676
__pivt0x8                                 ivt0x8       000008
__pmediumconst                            mediumconst  00FE52
__pnvCOMRAM                               nvCOMRAM     000542
__ptext0                                  text0        011CA6
__ptext1                                  text1        011060
__ptext10                                 text10       012200
__ptext11                                 text11       0120FC
__ptext12                                 text12       01080C
__ptext13                                 text13       011DD2
__ptext14                                 text14       012098
__ptext15                                 text15       011A16
__ptext16                                 text16       012596
__ptext17                                 text17       012154
__ptext18                                 text18       010000
__ptext19                                 text19       010F58
__ptext2                                  text2        011ED8
__ptext20                                 text20       010BAA
__ptext21                                 text21       011336
__ptext22                                 text22       010A2E
__ptext23                                 text23       011AC2
__ptext24                                 text24       01224A
__ptext25                                 text25       011404
__ptext26                                 text26       0127D8
__ptext27                                 text27       01233A
__ptext28                                 text28       011966
__ptext29                                 text29       0117EE
__ptext3                                  text3        012696
__ptext30                                 text30       0126D2
__ptext31                                 text31       012634
__ptext32                                 text32       0121AA
__ptext33                                 text33       011FBC
__ptext34                                 text34       01253C
__ptext35                                 text35       011262
__ptext36                                 text36       012370
__ptext37                                 text37       0125BE
__ptext38                                 text38       011E56
__ptext39                                 text39       0125E6
__ptext4                                  text4        010392
__ptext40                                 text40       0126EE
__ptext41                                 text41       0127CC
__ptext42                                 text42       011F4A
__ptext43                                 text43       0123DC
__ptext44                                 text44       0122CC
__ptext45                                 text45       0126B4
__ptext46                                 text46       012292
__ptext47                                 text47       012410
__ptext48                                 text48       012790
__ptext49                                 text49       012720
__ptext5                                  text5        010D22
__ptext50                                 text50       011C06
__ptext51                                 text51       0123A6
__ptext52                                 text52       0127A2
__ptext53                                 text53       0127B0
__ptext54                                 text54       01277C
__ptext55                                 text55       0127BE
__ptext56                                 text56       011D44
__ptext57                                 text57       011728
__ptext58                                 text58       011164
__ptext59                                 text59       01202A
__ptext6                                  text6        0118B2
__ptext60                                 text60       012750
__ptext61                                 text61       0105D8
__ptext62                                 text62       012478
__ptext63                                 text63       012738
__ptext64                                 text64       01260E
__ptext65                                 text65       012766
__ptext66                                 text66       01250C
__ptext67                                 text67       012444
__ptext68                                 text68       01256A
__ptext69                                 text69       0124AA
__ptext7                                  text7        0124DC
__ptext70                                 text70       0127DA
__ptext8                                  text8        011B66
__ptext9                                  text9        012304
__ramtop                                  ramtop       002600
__smallconst                              smallconst   000000
_abs                                      text27       01233A
_dbuf                                     bssBANK7     0007C8
_dev                                      bssCOMRAM    00053F
_dtoa                                     text22       010A2E
_dtoa$2107                                cstackBANK5  00057D
_flags                                    bssBANK5     0005EA
_fputc                                    text25       011404
_fputs                                    text24       01224A
_init_nrf                                 text5        010D22
_main                                     text0        011CA6
_nrf_interrupt                            text57       011728
_pad                                      text23       011AC2
_prec                                     bssBANK5     0005E8
_printf                                   text16       012596
_putch                                    text26       0127D8
_read_prec_or_width                       text21       011336
_received_data                            bssBANK10    000A00
_received_index                           bssCOMRAM    00053D
_rf24_crclength                           mediumconst  00FE99
_rf24_datarates                           dataBANK6    0006E8
_rf24_pa_dbm                              dataBANK9    0009C8
_sendByte                                 text4        010392
_sendCell                                 text2        011ED8
_sendGrid                                 text1        011060
_sendRGB                                  text3        012696
_spi1_configuration                       mediumconst  00FE8F
_stoa                                     text20       010BAA
_vfpfcnvrt                                text18       010000
_vfprintf                                 text17       012154
_width                                    bssBANK5     0005E6
_xtoa                                     text19       010F58
abs@a                                     cstackBANK5  000566
dtoa@d                                    cstackBANK5  00057B
dtoa@fp                                   cstackBANK5  000579
dtoa@i                                    cstackBANK5  000583
dtoa@p                                    cstackBANK5  00057F
dtoa@s                                    cstackBANK5  000582
dtoa@w                                    cstackBANK5  000580
end_of_initialization                     cinit        010F52
fputc@c                                   cstackBANK5  000560
fputc@fp                                  cstackBANK5  000562
fputs@c                                   cstackBANK5  00056D
fputs@fp                                  cstackBANK5  00056B
fputs@i                                   cstackBANK5  00056E
fputs@s                                   cstackBANK5  000569
i2Nrf24_configRegister@reg                cstackCOMRAM 000504
i2Nrf24_configRegister@value              cstackCOMRAM 000503
i2Nrf24_dataReady@dev                     cstackCOMRAM 00050E
i2Nrf24_dataReady@status                  cstackCOMRAM 000510
i2Nrf24_getData@data                      cstackCOMRAM 000509
i2Nrf24_getData@dev                       cstackCOMRAM 000507
i2Nrf24_getStatus@dev                     cstackCOMRAM 00050B
i2Nrf24_getStatus@rv                      cstackCOMRAM 00050D
i2Nrf24_readRegister@len                  cstackCOMRAM 000509
i2Nrf24_readRegister@reg                  cstackCOMRAM 00050A
i2Nrf24_readRegister@value                cstackCOMRAM 000507
i2SPI1_ByteExchange@byteData              cstackCOMRAM 000501
i2SPI1_ByteExchange@returnValue           cstackCOMRAM 000502
i2SPI_read_buff@buffer                    cstackCOMRAM 000503
i2SPI_read_buff@bytes                     cstackCOMRAM 000505
i2SPI_read_buff@i                         cstackCOMRAM 000506
i2_Nrf24_configRegister                   text63       012738
i2_Nrf24_dataReady                        text64       01260E
i2_Nrf24_getData                          text62       012478
i2_Nrf24_getStatus                        text65       012766
i2_Nrf24_readRegister                     text66       01250C
i2_SPI1_ByteExchange                      text68       01256A
i2_SPI_read_buff                          text67       012444
i2_sendByte                               text61       0105D8
i2_sendCell                               text59       01202A
i2_sendGrid                               text58       011164
i2_sendRGB                                text60       012750
i2sendByte@byte                           cstackCOMRAM 000501
i2sendCell@cell                           cstackCOMRAM 000505
i2sendGrid@col                            cstackCOMRAM 00050D
i2sendGrid@grid                           cstackCOMRAM 000506
i2sendGrid@gridSize                       cstackCOMRAM 000511
i2sendGrid@index                          cstackCOMRAM 00050B
i2sendGrid@row                            cstackCOMRAM 00050F
i2sendRGB@b                               cstackCOMRAM 000503
i2sendRGB@g                               cstackCOMRAM 000502
i2sendRGB@r                               cstackCOMRAM 000504
init_nrf@buf                              cstackBANK5  0005C4
init_nrf@ret                              cstackBANK5  0005E4
intlevel0                                 text         000000
intlevel1                                 text         000000
intlevel2                                 text         000000
intlevel3                                 text         000000
isa$std                                   (abs)        000001
isa$xinst                                 (abs)        000000
ivt0x8_base                               ivt0x8       000008
main@F17918                               dataBANK11   000B00
main@F17920                               dataBANK12   000C00
main@F17922                               dataBANK13   000D00
main@F17924                               dataBANK8    0008C8
main@buf                                  cstackBANK6  0006C8
main@gridB                                cstackBANK9  000900
main@gridE                                cstackBANK6  000600
main@gridG                                cstackBANK8  000800
main@gridR                                cstackBANK7  000700
nrf_interrupt@buf                         cstackCOMRAM 000513
nrf_interrupt@i                           cstackCOMRAM 000533
pad@buf                                   cstackBANK5  000572
pad@fp                                    cstackBANK5  000570
pad@i                                     cstackBANK5  000577
pad@p                                     cstackBANK5  000574
printf@ap                                 cstackBANK5  0005AB
printf@fmt                                cstackBANK5  00059D
read_prec_or_width@ap                     cstackBANK5  000562
read_prec_or_width@c                      cstackBANK5  000566
read_prec_or_width@fmt                    cstackBANK5  000560
read_prec_or_width@n                      cstackBANK5  000567
sendByte@byte                             cstackBANK5  000560
sendCell@cell                             cstackBANK5  000564
sendGrid@col                              cstackBANK5  00056C
sendGrid@grid                             cstackBANK5  000565
sendGrid@gridSize                         cstackBANK5  000570
sendGrid@index                            cstackBANK5  00056A
sendGrid@row                              cstackBANK5  00056E
sendRGB@b                                 cstackBANK5  000562
sendRGB@g                                 cstackBANK5  000561
sendRGB@r                                 cstackBANK5  000563
stackhi                                   (abs)        000000
stacklo                                   (abs)        000000
start                                     init         00001A
start_initialization                      cinit        010E48
stoa@cp                                   cstackBANK5  000573
stoa@fp                                   cstackBANK5  000569
stoa@l                                    cstackBANK5  000575
stoa@p                                    cstackBANK5  00056F
stoa@s                                    cstackBANK5  00056B
stoa@w                                    cstackBANK5  000571
vfpfcnvrt@ap                              cstackBANK5  00058A
vfpfcnvrt@convarg                         cstackBANK5  00058E
vfpfcnvrt@cp                              cstackBANK5  000593
vfpfcnvrt@done                            cstackBANK5  000592
vfpfcnvrt@fmt                             cstackBANK5  000588
vfpfcnvrt@fp                              cstackBANK5  000586
vfprintf@ap                               cstackBANK5  000599
vfprintf@cfmt                             cstackBANK5  00059B
vfprintf@fmt                              cstackBANK5  000597
vfprintf@fp                               cstackBANK5  000595
xtoa@c                                    cstackBANK5  000583
xtoa@d                                    cstackBANK5  00057B
xtoa@fp                                   cstackBANK5  000579
xtoa@i                                    cstackBANK5  000584
xtoa@p                                    cstackBANK5  000580
xtoa@w                                    cstackBANK5  000581


MODULE INFORMATION

Module		Function		Class		Link	Load	Size
C:\Program Files\Microchip\xc8\v2.50\pic\sources\c99\common\nf_fputs.c
		_fputs         		CODE           	1224A	0000	72

C:\Program Files\Microchip\xc8\v2.50\pic\sources\c99\common\nf_fputs.c estimated size: 72

C:\Program Files\Microchip\xc8\v2.50\pic\sources\c99\common\printf.c
		_printf        		CODE           	12596	0000	40

C:\Program Files\Microchip\xc8\v2.50\pic\sources\c99\common\printf.c estimated size: 40

mcc_generated_files/system/src/interrupt.c
		_INT1_SetInterruptHandler		CODE           	127B0	0000	14
		_INT2_SetInterruptHandler		CODE           	127A2	0000	14
		_INTERRUPT_Initialize		CODE           	123A6	0000	54
		_INTERRUPT_InterruptManager		CODE           	11D44	0000	142
		_RC6_SetInterruptHandler		CODE           	127BE	0000	14

mcc_generated_files/system/src/interrupt.c estimated size: 238

C:\Program Files\Microchip\xc8\v2.50\pic\sources\c99\common\awmod.c
		___awmod       		CODE           	11966	0000	176

C:\Program Files\Microchip\xc8\v2.50\pic\sources\c99\common\awmod.c estimated size: 176

C:\Program Files\Microchip\xc8\v2.50\pic\sources\c99\common\putch.c
		_putch         		CODE           	127D8	0000	2

C:\Program Files\Microchip\xc8\v2.50\pic\sources\c99\common\putch.c estimated size: 2

C:\Program Files\Microchip\xc8\v2.50\pic\sources\c99\common\abs.c
		_abs           		CODE           	1233A	0000	54

C:\Program Files\Microchip\xc8\v2.50\pic\sources\c99\common\abs.c estimated size: 54

mcc_generated_files/system/src/pins.c
		_PIN_MANAGER_Initialize		CODE           	11C06	0000	160

mcc_generated_files/system/src/pins.c estimated size: 160

mcc_generated_files/timer/src/delay.c
		_DELAY_milliseconds		CODE           	12410	0000	52
		_DELAY_microseconds		CODE           	120FC	0000	88

mcc_generated_files/timer/src/delay.c estimated size: 140

C:\Program Files\Microchip\xc8\v2.50\pic\sources\c99\common\nf_fputc.c
		_fputc         		CODE           	11404	0000	204

C:\Program Files\Microchip\xc8\v2.50\pic\sources\c99\common\nf_fputc.c estimated size: 204

shared
		i2_sendRGB     		CODE           	12750	0000	22
		i2_sendByte    		CODE           	105D8	0000	564
		_rf24_crclength		MEDIUMCONST    	FE99	0000	30
		i2_Nrf24_configRegister		CODE           	12738	0000	24
		i2_Nrf24_readRegister		CODE           	1250C	0000	48
		i2_SPI_read_buff		CODE           	12444	0000	52
		__initialization		CODE           	10E48	0000	266
		i2_sendGrid    		CODE           	11164	0000	254
		_SPI1_nrf24    		MEDIUMCONST    	FE53	0000	42
		_Timer0        		MEDIUMCONST    	FE7D	0000	18
		i2_SPI1_ByteExchange		CODE           	1256A	0000	44
		i2_Nrf24_dataReady		CODE           	1260E	0000	38
		i2_sendCell    		CODE           	1202A	0000	110
		i2_Nrf24_getStatus		CODE           	12766	0000	22
		_spi1_configuration		MEDIUMCONST    	FE8F	0000	10
		i2_Nrf24_getData		CODE           	12478	0000	50

shared estimated size: 1594

mirf.c
		_Nrf24_writeRegister		CODE           	12304	0000	54
		_Nrf24_dataReady		CODE           	125BE	0000	40
		_Nrf24_getCRCLength		CODE           	11FBC	0000	110
		_Nrf24_getStatus		CODE           	126EE	0000	26
		_SPI_write_buff		CODE           	12200	0000	74
		_SPI_read_buff 		CODE           	122CC	0000	56
		_Nrf24_getRetransmitDelay		CODE           	126D2	0000	28
		_Nrf24_powerUpRx		CODE           	125E6	0000	40
		_Nrf24_printDetails		CODE           	1080C	0000	546
		_Nrf24_setRetransmitDelay		CODE           	124DC	0000	48
		_Nrf24_print_status		CODE           	11DD2	0000	132
		_Nrf24_getPALevel		CODE           	12634	0000	34
		_Nrf24_getData 		CODE           	12370	0000	54
		_Nrf24_getDataRate		CODE           	121AA	0000	86
		_Nrf24_configRegister		CODE           	126B4	0000	30
		_Nrf24_SetSpeedDataRates		CODE           	11F4A	0000	114
		_Nrf24_print_address_register		CODE           	11A16	0000	172
		_Nrf24_readRegister		CODE           	123DC	0000	52
		_Nrf24_config  		CODE           	11E56	0000	130
		_Nrf24_init    		CODE           	1253C	0000	46
		_Nrf24_print_byte_register		CODE           	12098	0000	100
		_Nrf24_flushRx 		CODE           	127CC	0000	12
		_Nrf24_setRADDR		CODE           	11B66	0000	160
		_Nrf24_setTADDR		CODE           	118B2	0000	180

mirf.c estimated size: 2324

C:\Program Files\Microchip\xc8\v2.50\pic\sources\c99\common\awdiv.c
		___awdiv       		CODE           	117EE	0000	196

C:\Program Files\Microchip\xc8\v2.50\pic\sources\c99\common\awdiv.c estimated size: 196

C:\Program Files\Microchip\xc8\v2.50\pic\sources\c99\common\doprnt.c
		_read_prec_or_width		CODE           	11336	0000	206
		_vfpfcnvrt     		CODE           	10000	0000	914
		_pad           		CODE           	11AC2	0000	164
		_dtoa          		CODE           	10A2E	0000	380
		_vfprintf      		CODE           	12154	0000	86
		_stoa          		CODE           	10BAA	0000	376
		_xtoa          		CODE           	10F58	0000	264

C:\Program Files\Microchip\xc8\v2.50\pic\sources\c99\common\doprnt.c estimated size: 2390

mcc_generated_files/system/src/clock.c
		_CLOCK_Initialize		CODE           	1277C	0000	20

mcc_generated_files/system/src/clock.c estimated size: 20

mcc_generated_files/timer/src/tmr0.c
		_TMR0_DefaultOverflowCallback		CODE           	127DA	0000	2
		_TMR0_OverflowISR		CODE           	124AA	0000	50

mcc_generated_files/timer/src/tmr0.c estimated size: 52

main.c
		_nrf_interrupt 		CODE           	11728	0000	198
		_main          		CODE           	11CA6	0000	158
		_sendCell      		CODE           	11ED8	0000	114
		_sendGrid      		CODE           	11060	0000	260
		_sendByte      		CODE           	10392	0000	582
		_init_nrf      		CODE           	10D22	0000	294
		_sendRGB       		CODE           	12696	0000	30

main.c estimated size: 1636

mcc_generated_files/system/src/system.c
		_SYSTEM_Initialize		CODE           	12790	0000	18

mcc_generated_files/system/src/system.c estimated size: 18

mcc_generated_files/spi/src/spi1.c
		_SPI1_ByteExchange		CODE           	12292	0000	58
		_SPI1_Open     		CODE           	11262	0000	212
		_SPI1_Initialize		CODE           	12720	0000	24

mcc_generated_files/spi/src/spi1.c estimated size: 294

