Microchip MPLAB XC8 Compiler V2.50

Linker command line:

-W-3 \
  --edf=C:\Program Files\Microchip\xc8\v2.50\pic\dat\20240725155939_en.msgs \
  -pivt0x8=08h -cn -h+dist/default/production\pic_mirf.X.production.sym \
  --cmf=dist/default/production\pic_mirf.X.production.cmf -z -Q18F57Q43 \
  -oC:\Users\bitir\AppData\Local\Temp\xcAs18t4.\driver_tmp_3.o \
  --defsym=__MPLAB_BUILD=1 --fixupoverflow=error \
  -Mdist/default/production/pic_mirf.X.production.map \
  --md=C:\Users\bitir\AppData\Local\Temp\xcAs18t4.\driver_tmp_0.dat -E1 \
  -ver=XC8 Compiler --acfsm=1493 -ACODE=00h-01FFFFh -ACONST=00h-01FFFFh \
  -ASMALLCONST=02600h-026FFhx474 \
  -AMEDIUMCONST=02600h-0FFFFh,012600h-01FFFFh -ACOMRAM=0501h-055Fh \
  -AABS1=0500h-024FFh -ABIGRAM=0501h-024FFh \
  -ARAM=0560h-05FFh,0600h-06FFhx31 -ABANK5=0560h-05FFh -ABANK6=0600h-06FFh \
  -ABANK7=0700h-07FFh -ABANK8=0800h-08FFh -ABANK9=0900h-09FFh \
  -ABANK10=0A00h-0AFFh -ABANK11=0B00h-0BFFh -ABANK12=0C00h-0CFFh \
  -ABANK13=0D00h-0DFFh -ABANK14=0E00h-0EFFh -ABANK15=0F00h-0FFFh \
  -ABANK16=01000h-010FFh -ABANK17=01100h-011FFh -ABANK18=01200h-012FFh \
  -ABANK19=01300h-013FFh -ABANK20=01400h-014FFh -ABANK21=01500h-015FFh \
  -ABANK22=01600h-016FFh -ABANK23=01700h-017FFh -ABANK24=01800h-018FFh \
  -ABANK25=01900h-019FFh -ABANK26=01A00h-01AFFh -ABANK27=01B00h-01BFFh \
  -ABANK28=01C00h-01CFFh -ABANK29=01D00h-01DFFh -ABANK30=01E00h-01EFFh \
  -ABANK31=01F00h-01FFFh -ABANK32=02000h-020FFh -ABANK33=02100h-021FFh \
  -ABANK34=02200h-022FFh -ABANK35=02300h-023FFh -ABANK36=02400h-024FFh \
  -ASFR=00h-0FFhx4,0400h-045Fh,0460h-04FFh,02500h-025FFh \
  -ABIGSFR=00h-04FFh,02500h-025FFh -ACONFIG=0300000h-0300011h \
  -AIDLOC=0200000h-020003Fh -AEEDATA=0380000h-03803FFh -peeprom_data=EEDATA \
  -preset_vec=00h -ppowerup=CODE,init -pramtop=02600h \
  -psmallconst=SMALLCONST -pmediumconst=MEDIUMCONST -pconst=CONST \
  -AFARRAM=00h-00h \
  -prdata=COMRAM,nvrram=COMRAM,nvbit=COMRAM,rbss=COMRAM,rbit=COMRAM \
  -pfarbss=FARRAM,fardata=FARRAM,nvFARRAM=FARRAM \
  -pintsave_regs=BIGRAM,bigbss=BIGRAM,bigdata=BIGRAM -pbss=RAM \
  -pidata=CODE,irdata=CODE,ibigdata=CODE,ifardata=CODE -prparam=COMRAM \
  C:\Users\bitir\AppData\Local\Temp\xcAs18t4.\driver_tmp_14.o \
  dist/default/production\pic_mirf.X.production.o 

Object code version is 3.11

Machine type is 18F57Q43



                Name                               Link     Load   Length Selector   Space Scale
C:\Users\bitir\AppData\Local\Temp\xcAs18t4.\driver_tmp_14.o
                idloc                            200000   200000       40        0       5
                config                           300000   300000        A        0       4
                init                                 1A       1A        4        4       0
                reset_vec                             0        0        4        0       0
dist/default/production\pic_mirf.X.production.o
                idloc                            200000   200000       40        0       5
                config                           300000   300000        A        0       4
                mediumconst                        FE52     FE52      1AE     7F29       0
                ivt0x8                                8        8       12        4       0
                text73                            12A02    12A02        2     8000       0
                text72                            126AC    126AC       32     8000       0
                text71                            1276C    1276C       2C     8000       0
                text70                            12646    12646       34     8000       0
                text69                            1270E    1270E       30     8000       0
                text68                            1298E    1298E       16     8000       0
                text67                            12836    12836       26     8000       0
                text66                            12960    12960       18     8000       0
                text65                            1267A    1267A       32     8000       0
                text64                            105F8    105F8      254     8000       0
                text63                            12978    12978       16     8000       0
                text62                            1221A    1221A       6E     8000       0
                text61                            111A4    111A4       FE     8000       0
                text60                            1185C    1185C       C6     8000       0
                text59                            11F34    11F34       8E     8000       0
                text58                            12612    12612       34     8000       0
                text57                            12494    12494       3A     8000       0
                text56                            124CE    124CE       38     8000       0
                text55                            125DE    125DE       34     8000       0
                text54                            12916    12916       1A     8000       0
                text53                            128DC    128DC       1E     8000       0
                text52                            127E8    127E8       28     8000       0
                text51                            119E6    119E6       BA     8000       0
                text50                            12810    12810       26     8000       0
                text49                            12348    12348       58     8000       0
                text48                            122EC    122EC       5C     8000       0
                text47                            11E94    11E94       A0     8000       0
                text46                            129E6    129E6        E     8000       0
                text45                            129A4    129A4       14     8000       0
                text44                            129D8    129D8        E     8000       0
                text43                            129CA    129CA        E     8000       0
                text42                            125A8    125A8       36     8000       0
                text41                            11DF4    11DF4       A0     8000       0
                text40                            12948    12948       18     8000       0
                text39                            129B8    129B8       12     8000       0
                text38                            1213A    1213A       72     8000       0
                text37                            129F4    129F4        C     8000       0
                text36                            12046    12046       82     8000       0
                text35                            127C0    127C0       28     8000       0
                text34                            12572    12572       36     8000       0
                text33                            11396    11396       D4     8000       0
                text32                            1273E    1273E       2E     8000       0
                text31                            121AC    121AC       6E     8000       0
                text30                            123F6    123F6       56     8000       0
                text29                            1285C    1285C       22     8000       0
                text28                            128FA    128FA       1C     8000       0
                text27                            11922    11922       C4     8000       0
                text26                            11B54    11B54       B0     8000       0
                text25                            1253C    1253C       36     8000       0
                text24                            12A00    12A00        2     8000       0
                text23                            11538    11538       CC     8000       0
                text22                            1244C    1244C       48     8000       0
                text21                            11CB0    11CB0       A4     8000       0
                text20                            10A6E    10A6E      17C     8000       0
                text19                            1146A    1146A       CE     8000       0
                text18                            10BEA    10BEA      178     8000       0
                text17                            10F98    10F98      108     8000       0
                text16                            10000    10000      392     8000       0
                text15                            123A0    123A0       56     8000       0
                text14                            12798    12798       28     8000       0
                text13                            11C04    11C04       AC     8000       0
                text12                            12288    12288       64     8000       0
                text11                            11FC2    11FC2       84     8000       0
                text10                            1084C    1084C      222     8000       0
                text9                             12506    12506       36     8000       0
                text8                             11D54    11D54       A0     8000       0
                text7                             126DE    126DE       30     8000       0
                text6                             11AA0    11AA0       B4     8000       0
                text5                             10D62    10D62      126     8000       0
                text4                             10392    10392      266     8000       0
                text3                             128BE    128BE       1E     8000       0
                text2                             120C8    120C8       72     8000       0
                text1                             110A0    110A0      104     8000       0
                text0                             112A2    112A2       F4     8000       0
                cstackCOMRAM                        501      501       36      501       1
                cstackBANK5                         560      560       86      560       1
                cstackBANK6                         600      600       E8      600       1
                cstackBANK7                         700      700       C8      700       1
                cstackBANK8                         800      800       C8      800       1
                cstackBANK9                         900      900       C8      900       1
                bssBANK14                           E00      E00       C8      E00       1
                dataBANK13                          D00      D00       C8      D00       1
                dataBANK12                          C00      C00       C8      C00       1
                dataBANK11                          B00      B00       C8      B00       1
                bssBANK10                           A00      A00       C8      A00       1
                dataBANK9                           9C8      9C8       20      900       1
                dataBANK8                           8C8      8C8       20      800       1
                bssBANK7                            7C8      7C8       20      700       1
                bssBANK5                            5E6      5E6        8      560       1
                dataCOMRAM                          537      537       18      501       1
                bssCOMRAM                           54F      54F        B      501       1
                cinit                             10E88    10E88      110     8000       0
                nvCOMRAM                            55A      55A        6      501       1
                idataBANK13                       11794    11794       C8     8000       0
                idataBANK12                       116CC    116CC       C8     8000       0
                idataBANK11                       11604    11604       C8     8000       0
                idataBANK9                        1289E    1289E       20     8000       0
                idataBANK8                        1287E    1287E       20     8000       0
                idataCOMRAM                       12930    12930       18     8000       0

TOTAL           Name                               Link     Load   Length     Space
        CLASS   CODE           
                init                                 1A       1A        4         0
                reset_vec                             0        0        4         0
                ivt0x8                                8        8       12         0
                text73                            12A02    12A02        2         0
                text72                            126AC    126AC       32         0
                text71                            1276C    1276C       2C         0
                text70                            12646    12646       34         0
                text69                            1270E    1270E       30         0
                text68                            1298E    1298E       16         0
                text67                            12836    12836       26         0
                text66                            12960    12960       18         0
                text65                            1267A    1267A       32         0
                text64                            105F8    105F8      254         0
                text63                            12978    12978       16         0
                text62                            1221A    1221A       6E         0
                text61                            111A4    111A4       FE         0
                text60                            1185C    1185C       C6         0
                text59                            11F34    11F34       8E         0
                text58                            12612    12612       34         0
                text57                            12494    12494       3A         0
                text56                            124CE    124CE       38         0
                text55                            125DE    125DE       34         0
                text54                            12916    12916       1A         0
                text53                            128DC    128DC       1E         0
                text52                            127E8    127E8       28         0
                text51                            119E6    119E6       BA         0
                text50                            12810    12810       26         0
                text49                            12348    12348       58         0
                text48                            122EC    122EC       5C         0
                text47                            11E94    11E94       A0         0
                text46                            129E6    129E6        E         0
                text45                            129A4    129A4       14         0
                text44                            129D8    129D8        E         0
                text43                            129CA    129CA        E         0
                text42                            125A8    125A8       36         0
                text41                            11DF4    11DF4       A0         0
                text40                            12948    12948       18         0
                text39                            129B8    129B8       12         0
                text38                            1213A    1213A       72         0
                text37                            129F4    129F4        C         0
                text36                            12046    12046       82         0
                text35                            127C0    127C0       28         0
                text34                            12572    12572       36         0
                text33                            11396    11396       D4         0
                text32                            1273E    1273E       2E         0
                text31                            121AC    121AC       6E         0
                text30                            123F6    123F6       56         0
                text29                            1285C    1285C       22         0
                text28                            128FA    128FA       1C         0
                text27                            11922    11922       C4         0
                text26                            11B54    11B54       B0         0
                text25                            1253C    1253C       36         0
                text24                            12A00    12A00        2         0
                text23                            11538    11538       CC         0
                text22                            1244C    1244C       48         0
                text21                            11CB0    11CB0       A4         0
                text20                            10A6E    10A6E      17C         0
                text19                            1146A    1146A       CE         0
                text18                            10BEA    10BEA      178         0
                text17                            10F98    10F98      108         0
                text16                            10000    10000      392         0
                text15                            123A0    123A0       56         0
                text14                            12798    12798       28         0
                text13                            11C04    11C04       AC         0
                text12                            12288    12288       64         0
                text11                            11FC2    11FC2       84         0
                text10                            1084C    1084C      222         0
                text9                             12506    12506       36         0
                text8                             11D54    11D54       A0         0
                text7                             126DE    126DE       30         0
                text6                             11AA0    11AA0       B4         0
                text5                             10D62    10D62      126         0
                text4                             10392    10392      266         0
                text3                             128BE    128BE       1E         0
                text2                             120C8    120C8       72         0
                text1                             110A0    110A0      104         0
                text0                             112A2    112A2       F4         0
                cinit                             10E88    10E88      110         0
                idataBANK13                       11794    11794       C8         0
                idataBANK12                       116CC    116CC       C8         0
                idataBANK11                       11604    11604       C8         0
                idataBANK9                        1289E    1289E       20         0
                idataBANK8                        1287E    1287E       20         0
                idataCOMRAM                       12930    12930       18         0

        CLASS   CONST          

        CLASS   SMALLCONST     

        CLASS   MEDIUMCONST    
                mediumconst                        FE52     FE52      1AE         0

        CLASS   COMRAM         
                cstackCOMRAM                        501      501       36         1
                dataCOMRAM                          537      537       18         1
                bssCOMRAM                           54F      54F        B         1
                nvCOMRAM                            55A      55A        6         1

        CLASS   ABS1           

        CLASS   BIGRAM         

        CLASS   RAM            

        CLASS   BANK5          
                cstackBANK5                         560      560       86         1
                bssBANK5                            5E6      5E6        8         1

        CLASS   BANK6          
                cstackBANK6                         600      600       E8         1

        CLASS   BANK7          
                cstackBANK7                         700      700       C8         1
                bssBANK7                            7C8      7C8       20         1

        CLASS   BANK8          
                cstackBANK8                         800      800       C8         1
                dataBANK8                           8C8      8C8       20         1

        CLASS   BANK9          
                cstackBANK9                         900      900       C8         1
                dataBANK9                           9C8      9C8       20         1

        CLASS   BANK10         
                bssBANK10                           A00      A00       C8         1

        CLASS   BANK11         
                dataBANK11                          B00      B00       C8         1

        CLASS   BANK12         
                dataBANK12                          C00      C00       C8         1

        CLASS   BANK13         
                dataBANK13                          D00      D00       C8         1

        CLASS   BANK14         
                bssBANK14                           E00      E00       C8         1

        CLASS   BANK15         

        CLASS   BANK16         

        CLASS   BANK17         

        CLASS   BANK18         

        CLASS   BANK19         

        CLASS   BANK20         

        CLASS   BANK21         

        CLASS   BANK22         

        CLASS   BANK23         

        CLASS   BANK24         

        CLASS   BANK25         

        CLASS   BANK26         

        CLASS   BANK27         

        CLASS   BANK28         

        CLASS   BANK29         

        CLASS   BANK30         

        CLASS   BANK31         

        CLASS   BANK32         

        CLASS   BANK33         

        CLASS   BANK34         

        CLASS   BANK35         

        CLASS   BANK36         

        CLASS   SFR            

        CLASS   BIGSFR         

        CLASS   CONFIG         
                config                           300000   300000        A         4

        CLASS   IDLOC          
                idloc                            200000   200000       40         5

        CLASS   EEDATA         

        CLASS   FARRAM         

        CLASS   HEAP           

        CLASS   STACK          



SEGMENTS        Name                           Load    Length   Top    Selector   Space  Class

                reset_vec                      000000  000004  000004         0       0  CODE    
                ivt0x8                         000008  000016  00001E         4       0  CODE    
                cstackCOMRAM                   000501  00005F  000560       501       1  COMRAM  
                cstackBANK5                    000560  00008E  0005EE       560       1  BANK5   
                cstackBANK6                    000600  0000E8  0006E8       600       1  BANK6   
                cstackBANK7                    000700  0000E8  0007E8       700       1  BANK7   
                cstackBANK8                    000800  0000E8  0008E8       800       1  BANK8   
                cstackBANK9                    000900  0000E8  0009E8       900       1  BANK9   
                bssBANK10                      000A00  0000C8  000AC8       A00       1  BANK10  
                dataBANK11                     000B00  0000C8  000BC8       B00       1  BANK11  
                dataBANK12                     000C00  0000C8  000CC8       C00       1  BANK12  
                dataBANK13                     000D00  0000C8  000DC8       D00       1  BANK13  
                bssBANK14                      000E00  0000C8  000EC8       E00       1  BANK14  
                mediumconst                    00FE52  0001AE  010000      7F29       0  MEDIUMCO
                text16                         010000  002A04  012A04      8000       0  CODE    


UNUSED ADDRESS RANGES

        Name                Unused          Largest block    Delta
        BANK10           000AC8-000AFF               38
        BANK11           000BC8-000BFF               38
        BANK12           000CC8-000CFF               38
        BANK13           000DC8-000DFF               38
        BANK14           000EC8-000EFF               38
        BANK15           000F00-000FFF              100
        BANK16           001000-0010FF              100
        BANK17           001100-0011FF              100
        BANK18           001200-0012FF              100
        BANK19           001300-0013FF              100
        BANK20           001400-0014FF              100
        BANK21           001500-0015FF              100
        BANK22           001600-0016FF              100
        BANK23           001700-0017FF              100
        BANK24           001800-0018FF              100
        BANK25           001900-0019FF              100
        BANK26           001A00-001AFF              100
        BANK27           001B00-001BFF              100
        BANK28           001C00-001CFF              100
        BANK29           001D00-001DFF              100
        BANK30           001E00-001EFF              100
        BANK31           001F00-001FFF              100
        BANK32           002000-0020FF              100
        BANK33           002100-0021FF              100
        BANK34           002200-0022FF              100
        BANK35           002300-0023FF              100
        BANK36           002400-0024FF              100
        BANK5            0005EE-0005FF               12
        BANK6            0006E8-0006FF               18
        BANK7            0007E8-0007FF               18
        BANK8            0008E8-0008FF               18
        BANK9            0009E8-0009FF               18
        BIGRAM           0005EE-0005FF               12
                         0006E8-0006FF               18
                         0007E8-0007FF               18
                         0008E8-0008FF               18
                         0009E8-0009FF               18
                         000AC8-000AFF               38
                         000BC8-000BFF               38
                         000CC8-000CFF               38
                         000DC8-000DFF               38
                         000EC8-0024FF             1638
        BIGSFR           000000-0004FF              500
                         002500-0025FF              100
        CODE             000004-000007                4
                         00001E-00FE51             FE34
                         012A04-01FFFF             D5FC
        CONFIG           30000A-300011                8
        CONST            000004-000007                4
                         00001E-00FE51             FE34
                         012A04-01FFFF             D5FC
        EEDATA           380000-3803FF              400
        MEDIUMCONST      002600-00FE51             D852
                         012A04-01FFFF             D5FC
        RAM              0005EE-0005FF               12
                         0006E8-0006FF               18
                         0007E8-0007FF               18
                         0008E8-0008FF               18
                         0009E8-0009FF               18
                         000AC8-000AFF               38
                         000BC8-000BFF               38
                         000CC8-000CFF               38
                         000DC8-000DFF               38
                         000EC8-0024FF              100
        SFR              000000-0004FF              100
                         002500-0025FF              100
        SMALLCONST       002600-00FE51              100
                         012A04-01FFFF              100

                                  Symbol Table

?_Nrf24_setRADDR                          cstackBANK5  00056A
?_Nrf24_setTADDR                          cstackBANK5  00056A
?___awdiv                                 cstackBANK5  000560
?___awmod                                 cstackBANK5  000560
?_abs                                     cstackBANK5  000566
?_printf                                  cstackBANK5  00059D
?_read_prec_or_width                      cstackBANK5  000560
?_vfprintf                                cstackBANK5  000595
DELAY_microseconds@microseconds           cstackBANK5  000560
DELAY_milliseconds@milliseconds           cstackBANK5  000560
INT1_SetInterruptHandler@InterruptHandler cstackBANK5  000560
INT2_SetInterruptHandler@InterruptHandler cstackBANK5  000560
INTSTAT_ADDR                              (abs)        0000D7
IVTBASEH                                  (abs)        00045E
IVTBASEL                                  (abs)        00045D
IVTBASEU                                  (abs)        00045F
Nrf24_SetSpeedDataRates@dev               cstackBANK5  00056A
Nrf24_SetSpeedDataRates@val               cstackBANK5  00056C
Nrf24_SetSpeedDataRates@value             cstackBANK5  00056D
Nrf24_config@channel                      cstackBANK5  00056F
Nrf24_config@dev                          cstackBANK5  00056D
Nrf24_config@payload                      cstackBANK5  000570
Nrf24_configRegister@reg                  cstackBANK5  000563
Nrf24_configRegister@value                cstackBANK5  000562
Nrf24_dataReady@dev                       cstackBANK5  00056D
Nrf24_dataReady@status                    cstackBANK5  00056F
Nrf24_flushRx@dev                         cstackBANK5  000562
Nrf24_getCRCLength@AA                     cstackBANK5  00056D
Nrf24_getCRCLength@config                 cstackBANK5  00056E
Nrf24_getCRCLength@dev                    cstackBANK5  00056A
Nrf24_getCRCLength@result                 cstackBANK5  00056C
Nrf24_getData@data                        cstackBANK5  000568
Nrf24_getData@dev                         cstackBANK5  000566
Nrf24_getDataRate@dev                     cstackBANK5  00056A
Nrf24_getDataRate@dr                      cstackBANK5  00056D
Nrf24_getDataRate@result                  cstackBANK5  00056C
Nrf24_getPALevel@dev                      cstackBANK5  00056A
Nrf24_getPALevel@level                    cstackBANK5  00056C
Nrf24_getRetransmitDelay@dev              cstackBANK5  00056A
Nrf24_getRetransmitDelay@value            cstackBANK5  00056C
Nrf24_getStatus@dev                       cstackBANK5  00056A
Nrf24_getStatus@rv                        cstackBANK5  00056C
Nrf24_init@dev                            cstackBANK5  000561
Nrf24_isSend@dev                          cstackBANK5  00056D
Nrf24_isSend@i                            cstackBANK5  000575
Nrf24_isSend@status                       cstackBANK5  000579
Nrf24_isSend@timeout                      cstackBANK5  00056F
Nrf24_powerUpRx@dev                       cstackBANK5  000564
Nrf24_powerUpTx@dev                       cstackBANK5  000564
Nrf24_printDetails@delay                  cstackBANK5  0005C1
Nrf24_printDetails@dev                    cstackBANK5  0005BB
Nrf24_printDetails@retransmit             cstackBANK5  0005C3
Nrf24_print_address_register@buffer       cstackBANK5  0005B4
Nrf24_print_address_register@dev          cstackBANK5  0005AD
Nrf24_print_address_register@i            cstackBANK5  0005B9
Nrf24_print_address_register@name         cstackBANK5  0005AF
Nrf24_print_address_register@qty          cstackBANK5  0005B2
Nrf24_print_address_register@reg          cstackBANK5  0005B1
Nrf24_print_byte_register@buffer          cstackBANK5  0005B3
Nrf24_print_byte_register@dev             cstackBANK5  0005AD
Nrf24_print_byte_register@name            cstackBANK5  0005AF
Nrf24_print_byte_register@qty             cstackBANK5  0005B2
Nrf24_print_byte_register@reg             cstackBANK5  0005B1
Nrf24_print_status@status                 cstackBANK5  0005AE
Nrf24_readRegister@len                    cstackBANK5  000568
Nrf24_readRegister@reg                    cstackBANK5  000569
Nrf24_readRegister@value                  cstackBANK5  000566
Nrf24_send@dev                            cstackBANK5  00056D
Nrf24_send@status                         cstackBANK5  000572
Nrf24_send@value                          cstackBANK5  00056F
Nrf24_setRADDR@adr                        cstackBANK5  00056C
Nrf24_setRADDR@buffer                     cstackBANK5  000571
Nrf24_setRADDR@dev                        cstackBANK5  00056A
Nrf24_setRADDR@i                          cstackBANK5  000578
Nrf24_setRADDR@ret                        cstackBANK5  000576
Nrf24_setRetransmitDelay@dev              cstackBANK5  00056A
Nrf24_setRetransmitDelay@val              cstackBANK5  00056C
Nrf24_setRetransmitDelay@value            cstackBANK5  00056D
Nrf24_setTADDR@adr                        cstackBANK5  00056C
Nrf24_setTADDR@buffer                     cstackBANK5  000571
Nrf24_setTADDR@dev                        cstackBANK5  00056A
Nrf24_setTADDR@i                          cstackBANK5  000578
Nrf24_setTADDR@ret                        cstackBANK5  000576
Nrf24_writeRegister@len                   cstackBANK5  000568
Nrf24_writeRegister@reg                   cstackBANK5  000569
Nrf24_writeRegister@value                 cstackBANK5  000566
RC6_SetInterruptHandler@InterruptHandler  cstackBANK5  000560
SPI1_ByteExchange@byteData                cstackBANK5  000560
SPI1_ByteExchange@returnValue             cstackBANK5  000561
SPI1_Open@spiConfigIndex                  cstackBANK5  000560
SPI_read_buff@buffer                      cstackBANK5  000562
SPI_read_buff@bytes                       cstackBANK5  000564
SPI_read_buff@i                           cstackBANK5  000565
SPI_write_buff@buffer                     cstackBANK5  000562
SPI_write_buff@bytes                      cstackBANK5  000564
SPI_write_buff@i                          cstackBANK5  000565
_ACTCON                                   (abs)        0000AC
_ANSELA                                   (abs)        000400
_ANSELB                                   (abs)        000408
_ANSELC                                   (abs)        000410
_ANSELD                                   (abs)        000418
_ANSELE                                   (abs)        000420
_ANSELF                                   (abs)        000428
_CLOCK_Initialize                         text45       0129A4
_DELAY_microseconds                       text49       012348
_DELAY_milliseconds                       text58       012612
_INLVLA                                   (abs)        000404
_INLVLB                                   (abs)        00040C
_INLVLC                                   (abs)        000414
_INLVLD                                   (abs)        00041C
_INLVLE                                   (abs)        000424
_INLVLF                                   (abs)        00042C
_INT0_InterruptHandler                    bssCOMRAM    000552
_INT1_DefaultInterruptHandler             (abs)        000000
_INT1_InterruptHandler                    nvCOMRAM     00055D
_INT1_SetInterruptHandler                 text44       0129D8
_INT2_DefaultInterruptHandler             (abs)        000000
_INT2_InterruptHandler                    nvCOMRAM     00055A
_INT2_SetInterruptHandler                 text43       0129CA
_INTCON0bits                              (abs)        0004D6
_INTERRUPT_Initialize                     text42       0125A8
_INTERRUPT_InterruptManager               text59       011F34
_IOCAF                                    (abs)        000407
_IOCAN                                    (abs)        000406
_IOCAP                                    (abs)        000405
_IOCBF                                    (abs)        00040F
_IOCBN                                    (abs)        00040E
_IOCBP                                    (abs)        00040D
_IOCCF                                    (abs)        000417
_IOCCFbits                                (abs)        000417
_IOCCN                                    (abs)        000416
_IOCCNbits                                (abs)        000416
_IOCCP                                    (abs)        000415
_IOCEF                                    (abs)        000427
_IOCEN                                    (abs)        000426
_IOCEP                                    (abs)        000425
_LATA                                     (abs)        0004BE
_LATB                                     (abs)        0004BF
_LATC                                     (abs)        0004C0
_LATCbits                                 (abs)        0004C0
_LATD                                     (abs)        0004C1
_LATE                                     (abs)        0004C2
_LATF                                     (abs)        0004C3
_LATFbits                                 (abs)        0004C3
_Nrf24_SetSpeedDataRates                  text38       01213A
_Nrf24_config                             text36       012046
_Nrf24_configRegister                     text53       0128DC
_Nrf24_dataReady                          text35       0127C0
_Nrf24_flushRx                            text37       0129F4
_Nrf24_getCRCLength                       text31       0121AC
_Nrf24_getData                            text34       012572
_Nrf24_getDataRate                        text30       0123F6
_Nrf24_getPALevel                         text29       01285C
_Nrf24_getRetransmitDelay                 text28       0128FA
_Nrf24_getStatus                          text54       012916
_Nrf24_init                               text32       01273E
_Nrf24_isSend                             text51       0119E6
_Nrf24_powerUpRx                          text52       0127E8
_Nrf24_powerUpTx                          text50       012810
_Nrf24_printDetails                       text10       01084C
_Nrf24_print_address_register             text13       011C04
_Nrf24_print_byte_register                text12       012288
_Nrf24_print_status                       text11       011FC2
_Nrf24_readRegister                       text55       0125DE
_Nrf24_send                               text47       011E94
_Nrf24_setRADDR                           text8        011D54
_Nrf24_setRetransmitDelay                 text7        0126DE
_Nrf24_setTADDR                           text6        011AA0
_Nrf24_writeRegister                      text9        012506
_ODCONA                                   (abs)        000402
_ODCONB                                   (abs)        00040A
_ODCONC                                   (abs)        000412
_ODCOND                                   (abs)        00041A
_ODCONE                                   (abs)        000422
_ODCONF                                   (abs)        00042A
_OSCCON1                                  (abs)        0000AD
_OSCCON3                                  (abs)        0000AF
_OSCEN                                    (abs)        0000B3
_OSCFRQ                                   (abs)        0000B1
_OSCTUNE                                  (abs)        0000B0
_PIE0bits                                 (abs)        00049E
_PIE1bits                                 (abs)        00049F
_PIE3bits                                 (abs)        0004A1
_PIN_MANAGER_Initialize                   text41       011DF4
_PIR0bits                                 (abs)        0004AE
_PIR10bits                                (abs)        0004B8
_PIR1bits                                 (abs)        0004AF
_PIR3bits                                 (abs)        0004B1
_PIR6bits                                 (abs)        0004B4
_RB1I2C                                   (abs)        000289
_RB2I2C                                   (abs)        000288
_RC3I2C                                   (abs)        000287
_RC3PPS                                   (abs)        000214
_RC4I2C                                   (abs)        000286
_RC5PPS                                   (abs)        000216
_RC6_InterruptHandler                     bssCOMRAM    000555
_RC6_SetInterruptHandler                  text46       0129E6
_SLRCONA                                  (abs)        000403
_SLRCONB                                  (abs)        00040B
_SLRCONC                                  (abs)        000413
_SLRCOND                                  (abs)        00041B
_SLRCONE                                  (abs)        000423
_SLRCONF                                  (abs)        00042B
_SPI1BAUD                                 (abs)        000089
_SPI1CLK                                  (abs)        00008C
_SPI1CON0                                 (abs)        000084
_SPI1CON0bits                             (abs)        000084
_SPI1CON1                                 (abs)        000085
_SPI1CON2                                 (abs)        000086
_SPI1INTFbits                             (abs)        00008A
_SPI1RXB                                  (abs)        000080
_SPI1SCKPPS                               (abs)        00026A
_SPI1SDIPPS                               (abs)        00026B
_SPI1STATUSbits                           (abs)        000087
_SPI1TCNTH                                (abs)        000083
_SPI1TCNTL                                (abs)        000082
_SPI1TXB                                  (abs)        000081
_SPI1_BufferExchange                      (abs)        000000
_SPI1_BufferRead                          (abs)        000000
_SPI1_BufferWrite                         (abs)        000000
_SPI1_ByteExchange                        text57       012494
_SPI1_ByteExchange$intlevel0              text57       01249E
_SPI1_ByteRead                            (abs)        000000
_SPI1_ByteWrite                           (abs)        000000
_SPI1_Close                               (abs)        000000
_SPI1_Deinitialize                        (abs)        000000
_SPI1_Initialize                          text40       012948
_SPI1_IsRxReady                           (abs)        000000
_SPI1_IsTxReady                           (abs)        000000
_SPI1_Open                                text33       011396
_SPI1_nrf24                               mediumconst  00FE53
_SPI_read_buff                            text56       0124CE
_SPI_write_buff                           text48       0122EC
_SYSTEM_Initialize                        text39       0129B8
_T0CON0                                   (abs)        00031A
_T0CON0bits                               (abs)        00031A
_T0CON1                                   (abs)        00031B
_TMR0H                                    (abs)        000319
_TMR0L                                    (abs)        000318
_TMR0_DefaultOverflowCallback             text73       012A02
_TMR0_Initialize                          (abs)        000000
_TMR0_OverflowCallback                    bssCOMRAM    00054F
_TMR0_OverflowCallbackRegister            (abs)        000000
_TMR0_OverflowISR                         text72       0126AC
_TMR0_Reload                              (abs)        000000
_TMR0_Start                               (abs)        000000
_TMR0_Stop                                (abs)        000000
_TRISA                                    (abs)        0004C6
_TRISB                                    (abs)        0004C7
_TRISC                                    (abs)        0004C8
_TRISCbits                                (abs)        0004C8
_TRISD                                    (abs)        0004C9
_TRISE                                    (abs)        0004CA
_TRISF                                    (abs)        0004CB
_Timer0                                   mediumconst  00FE7D
_WPUA                                     (abs)        000401
_WPUB                                     (abs)        000409
_WPUC                                     (abs)        000411
_WPUD                                     (abs)        000419
_WPUE                                     (abs)        000421
_WPUF                                     (abs)        000429
__HRAM                                    (abs)        000000
__H__absolute__                           __absolute__ 000000
__Habs1                                   abs1         000000
__Hbank10                                 bank10       000000
__Hbank11                                 bank11       000000
__Hbank12                                 bank12       000000
__Hbank13                                 bank13       000000
__Hbank14                                 bank14       000000
__Hbank15                                 bank15       000000
__Hbank16                                 bank16       000000
__Hbank17                                 bank17       000000
__Hbank18                                 bank18       000000
__Hbank19                                 bank19       000000
__Hbank20                                 bank20       000000
__Hbank21                                 bank21       000000
__Hbank22                                 bank22       000000
__Hbank23                                 bank23       000000
__Hbank24                                 bank24       000000
__Hbank25                                 bank25       000000
__Hbank26                                 bank26       000000
__Hbank27                                 bank27       000000
__Hbank28                                 bank28       000000
__Hbank29                                 bank29       000000
__Hbank30                                 bank30       000000
__Hbank31                                 bank31       000000
__Hbank32                                 bank32       000000
__Hbank33                                 bank33       000000
__Hbank34                                 bank34       000000
__Hbank35                                 bank35       000000
__Hbank36                                 bank36       000000
__Hbank5                                  bank5        000000
__Hbank6                                  bank6        000000
__Hbank7                                  bank7        000000
__Hbank8                                  bank8        000000
__Hbank9                                  bank9        000000
__Hbigbss                                 bigbss       000000
__Hbigdata                                bigdata      000000
__Hbigram                                 bigram       000000
__Hbigsfr                                 bigsfr       000000
__Hbss                                    bss          000000
__HbssBANK10                              bssBANK10    000000
__HbssBANK14                              bssBANK14    000000
__HbssBANK5                               bssBANK5     000000
__HbssBANK7                               bssBANK7     000000
__HbssCOMRAM                              bssCOMRAM    000000
__Hcinit                                  cinit        000000
__Hclrtext                                clrtext      000000
__Hcomram                                 comram       000000
__Hconfig                                 config       30000A
__Hconst                                  const        000000
__HcstackBANK5                            cstackBANK5  000000
__HcstackBANK6                            cstackBANK6  000000
__HcstackBANK7                            cstackBANK7  000000
__HcstackBANK8                            cstackBANK8  000000
__HcstackBANK9                            cstackBANK9  000000
__HcstackCOMRAM                           cstackCOMRAM 000000
__Hdata                                   data         000000
__HdataBANK11                             dataBANK11   000000
__HdataBANK12                             dataBANK12   000000
__HdataBANK13                             dataBANK13   000000
__HdataBANK8                              dataBANK8    000000
__HdataBANK9                              dataBANK9    000000
__HdataCOMRAM                             dataCOMRAM   000000
__Heeprom_data                            eeprom_data  000000
__Hfarbss                                 farbss       000000
__Hfardata                                fardata      000000
__Hheap                                   heap         000000
__Hibigdata                               ibigdata     000000
__Hidata                                  idata        000000
__HidataBANK11                            idataBANK11  000000
__HidataBANK12                            idataBANK12  000000
__HidataBANK13                            idataBANK13  000000
__HidataBANK8                             idataBANK8   000000
__HidataBANK9                             idataBANK9   000000
__HidataCOMRAM                            idataCOMRAM  000000
__Hidloc                                  idloc        200040
__Hifardata                               ifardata     000000
__Hinit                                   init         00001E
__Hintsave_regs                           intsave_regs 000000
__Hirdata                                 irdata       000000
__Hivt0x8                                 ivt0x8       00001A
__Hmediumconst                            mediumconst  010000
__HnvCOMRAM                               nvCOMRAM     000000
__HnvFARRAM                               nvFARRAM     000000
__Hnvbit                                  nvbit        000000
__Hnvrram                                 nvrram       000000
__Hparam                                  rparam       000000
__Hpowerup                                powerup      000000
__Hram                                    ram          000000
__Hramtop                                 ramtop       002600
__Hrbit                                   rbit         000000
__Hrbss                                   rbss         000000
__Hrdata                                  rdata        000000
__Hreset_vec                              reset_vec    000004
__Hrparam                                 rparam       000000
__Hsfr                                    sfr          000000
__Hsmallconst                             smallconst   000000
__Hspace_0                                (abs)        012A04
__Hspace_1                                (abs)        000EC8
__Hspace_2                                (abs)        000000
__Hspace_4                                (abs)        60000A
__Hstack                                  stack        000000
__Hstruct                                 struct       000000
__Htemp                                   temp         000000
__Htext                                   text         000000
__Htext0                                  text0        000000
__Htext1                                  text1        000000
__Htext10                                 text10       000000
__Htext11                                 text11       000000
__Htext12                                 text12       000000
__Htext13                                 text13       000000
__Htext14                                 text14       000000
__Htext15                                 text15       000000
__Htext16                                 text16       000000
__Htext17                                 text17       000000
__Htext18                                 text18       000000
__Htext19                                 text19       000000
__Htext2                                  text2        000000
__Htext20                                 text20       000000
__Htext21                                 text21       000000
__Htext22                                 text22       000000
__Htext23                                 text23       000000
__Htext24                                 text24       000000
__Htext25                                 text25       000000
__Htext26                                 text26       000000
__Htext27                                 text27       000000
__Htext28                                 text28       000000
__Htext29                                 text29       000000
__Htext3                                  text3        000000
__Htext30                                 text30       000000
__Htext31                                 text31       000000
__Htext32                                 text32       000000
__Htext33                                 text33       000000
__Htext34                                 text34       000000
__Htext35                                 text35       000000
__Htext36                                 text36       000000
__Htext37                                 text37       000000
__Htext38                                 text38       000000
__Htext39                                 text39       000000
__Htext4                                  text4        000000
__Htext40                                 text40       000000
__Htext41                                 text41       000000
__Htext42                                 text42       000000
__Htext43                                 text43       000000
__Htext44                                 text44       000000
__Htext45                                 text45       000000
__Htext46                                 text46       000000
__Htext47                                 text47       000000
__Htext48                                 text48       000000
__Htext49                                 text49       000000
__Htext5                                  text5        000000
__Htext50                                 text50       000000
__Htext51                                 text51       000000
__Htext52                                 text52       000000
__Htext53                                 text53       000000
__Htext54                                 text54       000000
__Htext55                                 text55       000000
__Htext56                                 text56       000000
__Htext57                                 text57       000000
__Htext58                                 text58       000000
__Htext59                                 text59       000000
__Htext6                                  text6        000000
__Htext60                                 text60       000000
__Htext61                                 text61       000000
__Htext62                                 text62       000000
__Htext63                                 text63       000000
__Htext64                                 text64       000000
__Htext65                                 text65       000000
__Htext66                                 text66       000000
__Htext67                                 text67       000000
__Htext68                                 text68       000000
__Htext69                                 text69       000000
__Htext7                                  text7        000000
__Htext70                                 text70       000000
__Htext71                                 text71       000000
__Htext72                                 text72       000000
__Htext73                                 text73       000000
__Htext8                                  text8        000000
__Htext9                                  text9        000000
__LRAM                                    (abs)        000001
__L__absolute__                           __absolute__ 000000
__Labs1                                   abs1         000000
__Lbank10                                 bank10       000000
__Lbank11                                 bank11       000000
__Lbank12                                 bank12       000000
__Lbank13                                 bank13       000000
__Lbank14                                 bank14       000000
__Lbank15                                 bank15       000000
__Lbank16                                 bank16       000000
__Lbank17                                 bank17       000000
__Lbank18                                 bank18       000000
__Lbank19                                 bank19       000000
__Lbank20                                 bank20       000000
__Lbank21                                 bank21       000000
__Lbank22                                 bank22       000000
__Lbank23                                 bank23       000000
__Lbank24                                 bank24       000000
__Lbank25                                 bank25       000000
__Lbank26                                 bank26       000000
__Lbank27                                 bank27       000000
__Lbank28                                 bank28       000000
__Lbank29                                 bank29       000000
__Lbank30                                 bank30       000000
__Lbank31                                 bank31       000000
__Lbank32                                 bank32       000000
__Lbank33                                 bank33       000000
__Lbank34                                 bank34       000000
__Lbank35                                 bank35       000000
__Lbank36                                 bank36       000000
__Lbank5                                  bank5        000000
__Lbank6                                  bank6        000000
__Lbank7                                  bank7        000000
__Lbank8                                  bank8        000000
__Lbank9                                  bank9        000000
__Lbigbss                                 bigbss       000000
__Lbigdata                                bigdata      000000
__Lbigram                                 bigram       000000
__Lbigsfr                                 bigsfr       000000
__Lbss                                    bss          000000
__LbssBANK10                              bssBANK10    000000
__LbssBANK14                              bssBANK14    000000
__LbssBANK5                               bssBANK5     000000
__LbssBANK7                               bssBANK7     000000
__LbssCOMRAM                              bssCOMRAM    000000
__Lcinit                                  cinit        000000
__Lclrtext                                clrtext      000000
__Lcomram                                 comram       000000
__Lconfig                                 config       000000
__Lconst                                  const        000000
__LcstackBANK5                            cstackBANK5  000000
__LcstackBANK6                            cstackBANK6  000000
__LcstackBANK7                            cstackBANK7  000000
__LcstackBANK8                            cstackBANK8  000000
__LcstackBANK9                            cstackBANK9  000000
__LcstackCOMRAM                           cstackCOMRAM 000000
__Ldata                                   data         000000
__LdataBANK11                             dataBANK11   000000
__LdataBANK12                             dataBANK12   000000
__LdataBANK13                             dataBANK13   000000
__LdataBANK8                              dataBANK8    000000
__LdataBANK9                              dataBANK9    000000
__LdataCOMRAM                             dataCOMRAM   000000
__Leeprom_data                            eeprom_data  000000
__Lfarbss                                 farbss       000000
__Lfardata                                fardata      000000
__Lheap                                   heap         000000
__Libigdata                               ibigdata     000000
__Lidata                                  idata        000000
__LidataBANK11                            idataBANK11  000000
__LidataBANK12                            idataBANK12  000000
__LidataBANK13                            idataBANK13  000000
__LidataBANK8                             idataBANK8   000000
__LidataBANK9                             idataBANK9   000000
__LidataCOMRAM                            idataCOMRAM  000000
__Lidloc                                  idloc        000000
__Lifardata                               ifardata     000000
__Linit                                   init         00001A
__Lintsave_regs                           intsave_regs 000000
__Lirdata                                 irdata       000000
__Livt0x8                                 ivt0x8       000008
__Lmediumconst                            mediumconst  00FE52
__LnvCOMRAM                               nvCOMRAM     000000
__LnvFARRAM                               nvFARRAM     000000
__Lnvbit                                  nvbit        000000
__Lnvrram                                 nvrram       000000
__Lparam                                  rparam       000000
__Lpowerup                                powerup      000000
__Lram                                    ram          000000
__Lramtop                                 ramtop       002600
__Lrbit                                   rbit         000000
__Lrbss                                   rbss         000000
__Lrdata                                  rdata        000000
__Lreset_vec                              reset_vec    000000
__Lrparam                                 rparam       000000
__Lsfr                                    sfr          000000
__Lsmallconst                             smallconst   000000
__Lspace_0                                (abs)        000000
__Lspace_1                                (abs)        000000
__Lspace_2                                (abs)        000000
__Lspace_4                                (abs)        000000
__Lstack                                  stack        000000
__Lstruct                                 struct       000000
__Ltemp                                   temp         000000
__Ltext                                   text         000000
__Ltext0                                  text0        000000
__Ltext1                                  text1        000000
__Ltext10                                 text10       000000
__Ltext11                                 text11       000000
__Ltext12                                 text12       000000
__Ltext13                                 text13       000000
__Ltext14                                 text14       000000
__Ltext15                                 text15       000000
__Ltext16                                 text16       000000
__Ltext17                                 text17       000000
__Ltext18                                 text18       000000
__Ltext19                                 text19       000000
__Ltext2                                  text2        000000
__Ltext20                                 text20       000000
__Ltext21                                 text21       000000
__Ltext22                                 text22       000000
__Ltext23                                 text23       000000
__Ltext24                                 text24       000000
__Ltext25                                 text25       000000
__Ltext26                                 text26       000000
__Ltext27                                 text27       000000
__Ltext28                                 text28       000000
__Ltext29                                 text29       000000
__Ltext3                                  text3        000000
__Ltext30                                 text30       000000
__Ltext31                                 text31       000000
__Ltext32                                 text32       000000
__Ltext33                                 text33       000000
__Ltext34                                 text34       000000
__Ltext35                                 text35       000000
__Ltext36                                 text36       000000
__Ltext37                                 text37       000000
__Ltext38                                 text38       000000
__Ltext39                                 text39       000000
__Ltext4                                  text4        000000
__Ltext40                                 text40       000000
__Ltext41                                 text41       000000
__Ltext42                                 text42       000000
__Ltext43                                 text43       000000
__Ltext44                                 text44       000000
__Ltext45                                 text45       000000
__Ltext46                                 text46       000000
__Ltext47                                 text47       000000
__Ltext48                                 text48       000000
__Ltext49                                 text49       000000
__Ltext5                                  text5        000000
__Ltext50                                 text50       000000
__Ltext51                                 text51       000000
__Ltext52                                 text52       000000
__Ltext53                                 text53       000000
__Ltext54                                 text54       000000
__Ltext55                                 text55       000000
__Ltext56                                 text56       000000
__Ltext57                                 text57       000000
__Ltext58                                 text58       000000
__Ltext59                                 text59       000000
__Ltext6                                  text6        000000
__Ltext60                                 text60       000000
__Ltext61                                 text61       000000
__Ltext62                                 text62       000000
__Ltext63                                 text63       000000
__Ltext64                                 text64       000000
__Ltext65                                 text65       000000
__Ltext66                                 text66       000000
__Ltext67                                 text67       000000
__Ltext68                                 text68       000000
__Ltext69                                 text69       000000
__Ltext7                                  text7        000000
__Ltext70                                 text70       000000
__Ltext71                                 text71       000000
__Ltext72                                 text72       000000
__Ltext73                                 text73       000000
__Ltext8                                  text8        000000
__Ltext9                                  text9        000000
__S0                                      (abs)        012A04
__S1                                      (abs)        000EC8
__S4                                      (abs)        000000
__S5                                      (abs)        000000
___awdiv                                  text27       011922
___awdiv@counter                          cstackBANK5  000564
___awdiv@dividend                         cstackBANK5  000560
___awdiv@divisor                          cstackBANK5  000562
___awdiv@quotient                         cstackBANK5  000566
___awdiv@sign                             cstackBANK5  000565
___awmod                                  text26       011B54
___awmod@counter                          cstackBANK5  000564
___awmod@dividend                         cstackBANK5  000560
___awmod@divisor                          cstackBANK5  000562
___awmod@sign                             cstackBANK5  000565
___heap_hi                                (abs)        000000
___heap_lo                                (abs)        000000
___inthi_sp                               stack        000000
___inthi_stack_hi                         stack        000000
___inthi_stack_lo                         stack        000000
___intlo_sp                               stack        000000
___intlo_stack_hi                         stack        000000
___intlo_stack_lo                         stack        000000
___param_bank                             (abs)        000000
___rparam_used                            (abs)        000001
___sp                                     stack        000000
___stack_hi                               stack        000000
___stack_lo                               stack        000000
__accesstop                               (abs)        000560
__activetblptr                            (abs)        000003
__end_of_CLOCK_Initialize                 text45       0129B8
__end_of_DELAY_microseconds               text49       0123A0
__end_of_DELAY_milliseconds               text58       012646
__end_of_INT1_SetInterruptHandler         text44       0129E6
__end_of_INT2_SetInterruptHandler         text43       0129D8
__end_of_INTERRUPT_Initialize             text42       0125DE
__end_of_INTERRUPT_InterruptManager       text59       011FC2
__end_of_Nrf24_SetSpeedDataRates          text38       0121AC
__end_of_Nrf24_config                     text36       0120C8
__end_of_Nrf24_configRegister             text53       0128FA
__end_of_Nrf24_dataReady                  text35       0127E8
__end_of_Nrf24_flushRx                    text37       012A00
__end_of_Nrf24_getCRCLength               text31       01221A
__end_of_Nrf24_getData                    text34       0125A8
__end_of_Nrf24_getDataRate                text30       01244C
__end_of_Nrf24_getPALevel                 text29       01287E
__end_of_Nrf24_getRetransmitDelay         text28       012916
__end_of_Nrf24_getStatus                  text54       012930
__end_of_Nrf24_init                       text32       01276C
__end_of_Nrf24_isSend                     text51       011AA0
__end_of_Nrf24_powerUpRx                  text52       012810
__end_of_Nrf24_powerUpTx                  text50       012836
__end_of_Nrf24_printDetails               text10       010A6E
__end_of_Nrf24_print_address_register     text13       011CB0
__end_of_Nrf24_print_byte_register        text12       0122EC
__end_of_Nrf24_print_status               text11       012046
__end_of_Nrf24_readRegister               text55       012612
__end_of_Nrf24_send                       text47       011F34
__end_of_Nrf24_setRADDR                   text8        011DF4
__end_of_Nrf24_setRetransmitDelay         text7        01270E
__end_of_Nrf24_setTADDR                   text6        011B54
__end_of_Nrf24_writeRegister              text9        01253C
__end_of_PIN_MANAGER_Initialize           text41       011E94
__end_of_RC6_SetInterruptHandler          text46       0129F4
__end_of_SPI1_ByteExchange                text57       0124CE
__end_of_SPI1_Initialize                  text40       012960
__end_of_SPI1_Open                        text33       01146A
__end_of_SPI1_nrf24                       mediumconst  00FE7D
__end_of_SPI_read_buff                    text56       012506
__end_of_SPI_write_buff                   text48       012348
__end_of_SYSTEM_Initialize                text39       0129CA
__end_of_TMR0_DefaultOverflowCallback     text73       012A04
__end_of_TMR0_OverflowISR                 text72       0126DE
__end_of_Timer0                           mediumconst  00FE8F
__end_of___awdiv                          text27       0119E6
__end_of___awmod                          text26       011C04
__end_of__initialization                  cinit        010F92
__end_of_abs                              text25       012572
__end_of_dtoa                             text20       010BEA
__end_of_fputc                            text23       011604
__end_of_fputs                            text22       012494
__end_of_init_nrf                         text5        010E88
__end_of_main                             text0        011396
__end_of_nrf_interrupt                    text60       011922
__end_of_pad                              text21       011D54
__end_of_printf                           text14       0127C0
__end_of_putch                            text24       012A02
__end_of_read_prec_or_width               text19       011538
__end_of_rf24_crclength                   mediumconst  00FEB7
__end_of_sendByte                         text4        0105F8
__end_of_sendCell                         text2        01213A
__end_of_sendGrid                         text1        0111A4
__end_of_sendRGB                          text3        0128DC
__end_of_spi1_configuration               mediumconst  00FE99
__end_of_stoa                             text18       010D62
__end_of_vfpfcnvrt                        text16       010392
__end_of_vfprintf                         text15       0123F6
__end_of_xtoa                             text17       0110A0
__end_ofi2_Nrf24_configRegister           text66       012978
__end_ofi2_Nrf24_dataReady                text67       01285C
__end_ofi2_Nrf24_getData                  text65       0126AC
__end_ofi2_Nrf24_getStatus                text68       0129A4
__end_ofi2_Nrf24_readRegister             text69       01273E
__end_ofi2_SPI1_ByteExchange              text71       012798
__end_ofi2_SPI_read_buff                  text70       01267A
__end_ofi2_sendByte                       text64       01084C
__end_ofi2_sendCell                       text62       012288
__end_ofi2_sendGrid                       text61       0112A2
__end_ofi2_sendRGB                        text63       01298E
__initialization                          cinit        010E88
__mediumconst                             mediumconst  00FE52
__pbssBANK10                              bssBANK10    000A00
__pbssBANK14                              bssBANK14    000E00
__pbssBANK5                               bssBANK5     0005E6
__pbssBANK7                               bssBANK7     0007C8
__pbssCOMRAM                              bssCOMRAM    00054F
__pcinit                                  cinit        010E88
__pcstackBANK5                            cstackBANK5  000560
__pcstackBANK6                            cstackBANK6  000600
__pcstackBANK7                            cstackBANK7  000700
__pcstackBANK8                            cstackBANK8  000800
__pcstackBANK9                            cstackBANK9  000900
__pcstackCOMRAM                           cstackCOMRAM 000501
__pdataBANK11                             dataBANK11   000B00
__pdataBANK12                             dataBANK12   000C00
__pdataBANK13                             dataBANK13   000D00
__pdataBANK8                              dataBANK8    0008C8
__pdataBANK9                              dataBANK9    0009C8
__pdataCOMRAM                             dataCOMRAM   000537
__pidataBANK11                            idataBANK11  011604
__pidataBANK12                            idataBANK12  0116CC
__pidataBANK13                            idataBANK13  011794
__pidataBANK8                             idataBANK8   01287E
__pidataBANK9                             idataBANK9   01289E
__pidataCOMRAM                            idataCOMRAM  012930
__pivt0x8                                 ivt0x8       000008
__pmediumconst                            mediumconst  00FE52
__pnvCOMRAM                               nvCOMRAM     00055A
__ptext0                                  text0        0112A2
__ptext1                                  text1        0110A0
__ptext10                                 text10       01084C
__ptext11                                 text11       011FC2
__ptext12                                 text12       012288
__ptext13                                 text13       011C04
__ptext14                                 text14       012798
__ptext15                                 text15       0123A0
__ptext16                                 text16       010000
__ptext17                                 text17       010F98
__ptext18                                 text18       010BEA
__ptext19                                 text19       01146A
__ptext2                                  text2        0120C8
__ptext20                                 text20       010A6E
__ptext21                                 text21       011CB0
__ptext22                                 text22       01244C
__ptext23                                 text23       011538
__ptext24                                 text24       012A00
__ptext25                                 text25       01253C
__ptext26                                 text26       011B54
__ptext27                                 text27       011922
__ptext28                                 text28       0128FA
__ptext29                                 text29       01285C
__ptext3                                  text3        0128BE
__ptext30                                 text30       0123F6
__ptext31                                 text31       0121AC
__ptext32                                 text32       01273E
__ptext33                                 text33       011396
__ptext34                                 text34       012572
__ptext35                                 text35       0127C0
__ptext36                                 text36       012046
__ptext37                                 text37       0129F4
__ptext38                                 text38       01213A
__ptext39                                 text39       0129B8
__ptext4                                  text4        010392
__ptext40                                 text40       012948
__ptext41                                 text41       011DF4
__ptext42                                 text42       0125A8
__ptext43                                 text43       0129CA
__ptext44                                 text44       0129D8
__ptext45                                 text45       0129A4
__ptext46                                 text46       0129E6
__ptext47                                 text47       011E94
__ptext48                                 text48       0122EC
__ptext49                                 text49       012348
__ptext5                                  text5        010D62
__ptext50                                 text50       012810
__ptext51                                 text51       0119E6
__ptext52                                 text52       0127E8
__ptext53                                 text53       0128DC
__ptext54                                 text54       012916
__ptext55                                 text55       0125DE
__ptext56                                 text56       0124CE
__ptext57                                 text57       012494
__ptext58                                 text58       012612
__ptext59                                 text59       011F34
__ptext6                                  text6        011AA0
__ptext60                                 text60       01185C
__ptext61                                 text61       0111A4
__ptext62                                 text62       01221A
__ptext63                                 text63       012978
__ptext64                                 text64       0105F8
__ptext65                                 text65       01267A
__ptext66                                 text66       012960
__ptext67                                 text67       012836
__ptext68                                 text68       01298E
__ptext69                                 text69       01270E
__ptext7                                  text7        0126DE
__ptext70                                 text70       012646
__ptext71                                 text71       01276C
__ptext72                                 text72       0126AC
__ptext73                                 text73       012A02
__ptext8                                  text8        011D54
__ptext9                                  text9        012506
__ramtop                                  ramtop       002600
__smallconst                              smallconst   000000
_abs                                      text25       01253C
_dbuf                                     bssBANK7     0007C8
_dev                                      bssBANK5     0005EB
_dtoa                                     text20       010A6E
_dtoa$2119                                cstackBANK5  00057D
_flags                                    bssBANK5     0005EA
_fputc                                    text23       011538
_fputs                                    text22       01244C
_init_nrf                                 text5        010D62
_main                                     text0        0112A2
_nrf_interrupt                            text60       01185C
_pad                                      text21       011CB0
_prec                                     bssBANK5     0005E8
_printf                                   text14       012798
_putch                                    text24       012A00
_read_prec_or_width                       text19       01146A
_received_data                            bssBANK10    000A00
_received_index                           bssCOMRAM    000558
_rf24_crclength                           mediumconst  00FE99
_rf24_datarates                           dataCOMRAM   000537
_rf24_pa_dbm                              dataBANK9    0009C8
_sendByte                                 text4        010392
_sendCell                                 text2        0120C8
_sendGrid                                 text1        0110A0
_sendRGB                                  text3        0128BE
_spi1_configuration                       mediumconst  00FE8F
_stoa                                     text18       010BEA
_vfpfcnvrt                                text16       010000
_vfprintf                                 text15       0123A0
_width                                    bssBANK5     0005E6
_xtoa                                     text17       010F98
abs@a                                     cstackBANK5  000566
dtoa@d                                    cstackBANK5  00057B
dtoa@fp                                   cstackBANK5  000579
dtoa@i                                    cstackBANK5  000583
dtoa@p                                    cstackBANK5  00057F
dtoa@s                                    cstackBANK5  000582
dtoa@w                                    cstackBANK5  000580
end_of_initialization                     cinit        010F92
fputc@c                                   cstackBANK5  000560
fputc@fp                                  cstackBANK5  000562
fputs@c                                   cstackBANK5  00056D
fputs@fp                                  cstackBANK5  00056B
fputs@i                                   cstackBANK5  00056E
fputs@s                                   cstackBANK5  000569
i2Nrf24_configRegister@reg                cstackCOMRAM 000504
i2Nrf24_configRegister@value              cstackCOMRAM 000503
i2Nrf24_dataReady@dev                     cstackCOMRAM 00050E
i2Nrf24_dataReady@status                  cstackCOMRAM 000510
i2Nrf24_getData@data                      cstackCOMRAM 000509
i2Nrf24_getData@dev                       cstackCOMRAM 000507
i2Nrf24_getStatus@dev                     cstackCOMRAM 00050B
i2Nrf24_getStatus@rv                      cstackCOMRAM 00050D
i2Nrf24_readRegister@len                  cstackCOMRAM 000509
i2Nrf24_readRegister@reg                  cstackCOMRAM 00050A
i2Nrf24_readRegister@value                cstackCOMRAM 000507
i2SPI1_ByteExchange@byteData              cstackCOMRAM 000501
i2SPI1_ByteExchange@returnValue           cstackCOMRAM 000502
i2SPI_read_buff@buffer                    cstackCOMRAM 000503
i2SPI_read_buff@bytes                     cstackCOMRAM 000505
i2SPI_read_buff@i                         cstackCOMRAM 000506
i2_Nrf24_configRegister                   text66       012960
i2_Nrf24_dataReady                        text67       012836
i2_Nrf24_getData                          text65       01267A
i2_Nrf24_getStatus                        text68       01298E
i2_Nrf24_readRegister                     text69       01270E
i2_SPI1_ByteExchange                      text71       01276C
i2_SPI_read_buff                          text70       012646
i2_sendByte                               text64       0105F8
i2_sendCell                               text62       01221A
i2_sendGrid                               text61       0111A4
i2_sendRGB                                text63       012978
i2sendByte@byte                           cstackCOMRAM 000501
i2sendCell@cell                           cstackCOMRAM 000505
i2sendGrid@col                            cstackCOMRAM 00050D
i2sendGrid@grid                           cstackCOMRAM 000506
i2sendGrid@gridSize                       cstackCOMRAM 000511
i2sendGrid@index                          cstackCOMRAM 00050B
i2sendGrid@row                            cstackCOMRAM 00050F
i2sendRGB@b                               cstackCOMRAM 000503
i2sendRGB@g                               cstackCOMRAM 000502
i2sendRGB@r                               cstackCOMRAM 000504
init_nrf@buf                              cstackBANK5  0005C4
init_nrf@ret                              cstackBANK5  0005E4
intlevel0                                 text         000000
intlevel1                                 text         000000
intlevel2                                 text         000000
intlevel3                                 text         000000
isa$std                                   (abs)        000001
isa$xinst                                 (abs)        000000
ivt0x8_base                               ivt0x8       000008
main@F17916                               dataBANK11   000B00
main@F17918                               dataBANK12   000C00
main@F17920                               dataBANK13   000D00
main@F17924                               dataBANK8    0008C8
main@buf                                  cstackBANK6  0006C8
main@gridB                                cstackBANK9  000900
main@gridE                                cstackBANK6  000600
main@gridG                                cstackBANK8  000800
main@gridR                                cstackBANK7  000700
nrf_interrupt@buf                         cstackCOMRAM 000513
nrf_interrupt@i                           cstackCOMRAM 000533
pad@buf                                   cstackBANK5  000572
pad@fp                                    cstackBANK5  000570
pad@i                                     cstackBANK5  000577
pad@p                                     cstackBANK5  000574
printf@ap                                 cstackBANK5  0005AB
printf@fmt                                cstackBANK5  00059D
read_prec_or_width@ap                     cstackBANK5  000562
read_prec_or_width@c                      cstackBANK5  000566
read_prec_or_width@fmt                    cstackBANK5  000560
read_prec_or_width@n                      cstackBANK5  000567
sendByte@byte                             cstackBANK5  000560
sendCell@cell                             cstackBANK5  000564
sendGrid@col                              cstackBANK5  00056C
sendGrid@grid                             cstackBANK5  000565
sendGrid@gridSize                         cstackBANK5  000570
sendGrid@index                            cstackBANK5  00056A
sendGrid@row                              cstackBANK5  00056E
sendRGB@b                                 cstackBANK5  000562
sendRGB@g                                 cstackBANK5  000561
sendRGB@r                                 cstackBANK5  000563
stackhi                                   (abs)        000000
stacklo                                   (abs)        000000
start                                     init         00001A
start_initialization                      cinit        010E88
stoa@cp                                   cstackBANK5  000573
stoa@fp                                   cstackBANK5  000569
stoa@l                                    cstackBANK5  000575
stoa@p                                    cstackBANK5  00056F
stoa@s                                    cstackBANK5  00056B
stoa@w                                    cstackBANK5  000571
vfpfcnvrt@ap                              cstackBANK5  00058A
vfpfcnvrt@convarg                         cstackBANK5  00058E
vfpfcnvrt@cp                              cstackBANK5  000593
vfpfcnvrt@done                            cstackBANK5  000592
vfpfcnvrt@fmt                             cstackBANK5  000588
vfpfcnvrt@fp                              cstackBANK5  000586
vfprintf@ap                               cstackBANK5  000599
vfprintf@cfmt                             cstackBANK5  00059B
vfprintf@fmt                              cstackBANK5  000597
vfprintf@fp                               cstackBANK5  000595
xtoa@c                                    cstackBANK5  000583
xtoa@d                                    cstackBANK5  00057B
xtoa@fp                                   cstackBANK5  000579
xtoa@i                                    cstackBANK5  000584
xtoa@p                                    cstackBANK5  000580
xtoa@w                                    cstackBANK5  000581


MODULE INFORMATION

Module		Function		Class		Link	Load	Size
C:\Program Files\Microchip\xc8\v2.50\pic\sources\c99\common\nf_fputs.c
		_fputs         		CODE           	1244C	0000	72

C:\Program Files\Microchip\xc8\v2.50\pic\sources\c99\common\nf_fputs.c estimated size: 72

C:\Program Files\Microchip\xc8\v2.50\pic\sources\c99\common\printf.c
		_printf        		CODE           	12798	0000	40

C:\Program Files\Microchip\xc8\v2.50\pic\sources\c99\common\printf.c estimated size: 40

mcc_generated_files/system/src/interrupt.c
		_INT1_SetInterruptHandler		CODE           	129D8	0000	14
		_INT2_SetInterruptHandler		CODE           	129CA	0000	14
		_INTERRUPT_Initialize		CODE           	125A8	0000	54
		_INTERRUPT_InterruptManager		CODE           	11F34	0000	142
		_RC6_SetInterruptHandler		CODE           	129E6	0000	14

mcc_generated_files/system/src/interrupt.c estimated size: 238

C:\Program Files\Microchip\xc8\v2.50\pic\sources\c99\common\awmod.c
		___awmod       		CODE           	11B54	0000	176

C:\Program Files\Microchip\xc8\v2.50\pic\sources\c99\common\awmod.c estimated size: 176

C:\Program Files\Microchip\xc8\v2.50\pic\sources\c99\common\putch.c
		_putch         		CODE           	12A00	0000	2

C:\Program Files\Microchip\xc8\v2.50\pic\sources\c99\common\putch.c estimated size: 2

C:\Program Files\Microchip\xc8\v2.50\pic\sources\c99\common\abs.c
		_abs           		CODE           	1253C	0000	54

C:\Program Files\Microchip\xc8\v2.50\pic\sources\c99\common\abs.c estimated size: 54

mcc_generated_files/system/src/pins.c
		_PIN_MANAGER_Initialize		CODE           	11DF4	0000	160

mcc_generated_files/system/src/pins.c estimated size: 160

mcc_generated_files/timer/src/delay.c
		_DELAY_milliseconds		CODE           	12612	0000	52
		_DELAY_microseconds		CODE           	12348	0000	88

mcc_generated_files/timer/src/delay.c estimated size: 140

C:\Program Files\Microchip\xc8\v2.50\pic\sources\c99\common\nf_fputc.c
		_fputc         		CODE           	11538	0000	204

C:\Program Files\Microchip\xc8\v2.50\pic\sources\c99\common\nf_fputc.c estimated size: 204

shared
		i2_sendRGB     		CODE           	12978	0000	22
		i2_sendByte    		CODE           	105F8	0000	596
		_rf24_crclength		MEDIUMCONST    	FE99	0000	30
		i2_Nrf24_configRegister		CODE           	12960	0000	24
		i2_Nrf24_readRegister		CODE           	1270E	0000	48
		i2_SPI_read_buff		CODE           	12646	0000	52
		__initialization		CODE           	10E88	0000	266
		i2_sendGrid    		CODE           	111A4	0000	254
		_SPI1_nrf24    		MEDIUMCONST    	FE53	0000	42
		_Timer0        		MEDIUMCONST    	FE7D	0000	18
		i2_SPI1_ByteExchange		CODE           	1276C	0000	44
		i2_Nrf24_dataReady		CODE           	12836	0000	38
		i2_sendCell    		CODE           	1221A	0000	110
		i2_Nrf24_getStatus		CODE           	1298E	0000	22
		_spi1_configuration		MEDIUMCONST    	FE8F	0000	10
		i2_Nrf24_getData		CODE           	1267A	0000	50

shared estimated size: 1626

mirf.c
		_Nrf24_writeRegister		CODE           	12506	0000	54
		_Nrf24_dataReady		CODE           	127C0	0000	40
		_Nrf24_getCRCLength		CODE           	121AC	0000	110
		_Nrf24_getStatus		CODE           	12916	0000	26
		_SPI_write_buff		CODE           	122EC	0000	92
		_SPI_read_buff 		CODE           	124CE	0000	56
		_Nrf24_getRetransmitDelay		CODE           	128FA	0000	28
		_Nrf24_powerUpRx		CODE           	127E8	0000	40
		_Nrf24_powerUpTx		CODE           	12810	0000	38
		_Nrf24_printDetails		CODE           	1084C	0000	546
		_Nrf24_setRetransmitDelay		CODE           	126DE	0000	48
		_Nrf24_print_status		CODE           	11FC2	0000	132
		_Nrf24_getPALevel		CODE           	1285C	0000	34
		_Nrf24_getData 		CODE           	12572	0000	54
		_Nrf24_getDataRate		CODE           	123F6	0000	86
		_Nrf24_configRegister		CODE           	128DC	0000	30
		_Nrf24_SetSpeedDataRates		CODE           	1213A	0000	114
		_Nrf24_send    		CODE           	11E94	0000	160
		_Nrf24_print_address_register		CODE           	11C04	0000	172
		_Nrf24_readRegister		CODE           	125DE	0000	52
		_Nrf24_config  		CODE           	12046	0000	130
		_Nrf24_init    		CODE           	1273E	0000	46
		_Nrf24_isSend  		CODE           	119E6	0000	186
		_Nrf24_print_byte_register		CODE           	12288	0000	100
		_Nrf24_flushRx 		CODE           	129F4	0000	12
		_Nrf24_setRADDR		CODE           	11D54	0000	160
		_Nrf24_setTADDR		CODE           	11AA0	0000	180

mirf.c estimated size: 2726

C:\Program Files\Microchip\xc8\v2.50\pic\sources\c99\common\awdiv.c
		___awdiv       		CODE           	11922	0000	196

C:\Program Files\Microchip\xc8\v2.50\pic\sources\c99\common\awdiv.c estimated size: 196

C:\Program Files\Microchip\xc8\v2.50\pic\sources\c99\common\doprnt.c
		_read_prec_or_width		CODE           	1146A	0000	206
		_vfpfcnvrt     		CODE           	10000	0000	914
		_pad           		CODE           	11CB0	0000	164
		_dtoa          		CODE           	10A6E	0000	380
		_vfprintf      		CODE           	123A0	0000	86
		_stoa          		CODE           	10BEA	0000	376
		_xtoa          		CODE           	10F98	0000	264

C:\Program Files\Microchip\xc8\v2.50\pic\sources\c99\common\doprnt.c estimated size: 2390

mcc_generated_files/system/src/clock.c
		_CLOCK_Initialize		CODE           	129A4	0000	20

mcc_generated_files/system/src/clock.c estimated size: 20

mcc_generated_files/timer/src/tmr0.c
		_TMR0_DefaultOverflowCallback		CODE           	12A02	0000	2
		_TMR0_OverflowISR		CODE           	126AC	0000	50

mcc_generated_files/timer/src/tmr0.c estimated size: 52

main.c
		_nrf_interrupt 		CODE           	1185C	0000	198
		_main          		CODE           	112A2	0000	244
		_sendCell      		CODE           	120C8	0000	114
		_sendGrid      		CODE           	110A0	0000	260
		_sendByte      		CODE           	10392	0000	614
		_init_nrf      		CODE           	10D62	0000	294
		_sendRGB       		CODE           	128BE	0000	30

main.c estimated size: 1754

mcc_generated_files/system/src/system.c
		_SYSTEM_Initialize		CODE           	129B8	0000	18

mcc_generated_files/system/src/system.c estimated size: 18

mcc_generated_files/spi/src/spi1.c
		_SPI1_ByteExchange		CODE           	12494	0000	58
		_SPI1_Open     		CODE           	11396	0000	212
		_SPI1_Initialize		CODE           	12948	0000	24

mcc_generated_files/spi/src/spi1.c estimated size: 294

